Starting to train (PyTorch).
  [diag] log10|dL/dh_t| hist bins=60 range=(-12.50,-11.50) mean=-12.00 p50=-12.00 p05=-12.00 p95=-12.00
  [diag] sat-dist hist bins=60 sat<0.05=0.0% mean=0.982 p10=0.980 p90=0.983
Iter 0000020: train nll 1.456, valid error 075.950%, best valid error 100.000%, avg grad norm   0.220, avg grad norm (post clip)   0.220, rho_Whh  0.95, Omega  0.00, alpha  1.000, steps in the past 0.000, valid nll 1.386
  [diag] log10|dL/dh_t| hist bins=60 range=(-12.50,-11.50) mean=-12.00 p50=-12.00 p05=-12.00 p95=-12.00
  [diag] sat-dist hist bins=60 sat<0.05=0.0% mean=0.981 p10=0.979 p90=0.983
Iter 0000040: train nll 1.386, valid error 075.090%, best valid error 075.950%, avg grad norm   0.216, avg grad norm (post clip)   0.227, rho_Whh  0.95, Omega  0.00, alpha  1.000, steps in the past 0.000, valid nll 1.386
  [diag] log10|dL/dh_t| hist bins=60 range=(-12.50,-11.50) mean=-12.00 p50=-12.00 p05=-12.00 p95=-12.00
  [diag] sat-dist hist bins=60 sat<0.05=0.0% mean=0.974 p10=0.970 p90=0.982
Iter 0000060: train nll 1.386, valid error 075.270%, best valid error 075.090%, avg grad norm   0.278, avg grad norm (post clip)   0.289, rho_Whh  0.95, Omega  0.00, alpha  1.000, steps in the past 0.000, valid nll 1.386
  [diag] log10|dL/dh_t| hist bins=60 range=(-12.50,-11.50) mean=-12.00 p50=-12.00 p05=-12.00 p95=-12.00
  [diag] sat-dist hist bins=60 sat<0.05=0.0% mean=0.981 p10=0.979 p90=0.982
Iter 0000080: train nll 1.386, valid error 075.090%, best valid error 075.090%, avg grad norm   0.192, avg grad norm (post clip)   0.207, rho_Whh  0.95, Omega  0.00, alpha  1.000, steps in the past 0.000, valid nll 1.386
  [diag] log10|dL/dh_t| hist bins=60 range=(-12.50,-11.50) mean=-12.00 p50=-12.00 p05=-12.00 p95=-12.00
  [diag] sat-dist hist bins=60 sat<0.05=0.0% mean=0.977 p10=0.974 p90=0.981
Iter 0000100: train nll 1.387, valid error 075.090%, best valid error 075.090%, avg grad norm   0.221, avg grad norm (post clip)   0.231, rho_Whh  0.95, Omega  0.00, alpha  1.000, steps in the past 0.000, valid nll 1.386
  [diag] log10|dL/dh_t| hist bins=60 range=(-12.50,-11.50) mean=-12.00 p50=-12.00 p05=-12.00 p95=-12.00
  [diag] sat-dist hist bins=60 sat<0.05=0.0% mean=0.978 p10=0.975 p90=0.982
Iter 0000120: train nll 1.386, valid error 075.140%, best valid error 075.090%, avg grad norm   0.223, avg grad norm (post clip)   0.235, rho_Whh  0.95, Omega  0.00, alpha  1.000, steps in the past 0.000, valid nll 1.386
  [diag] log10|dL/dh_t| hist bins=60 range=(-12.50,-11.50) mean=-12.00 p50=-12.00 p05=-12.00 p95=-12.00
  [diag] sat-dist hist bins=60 sat<0.05=0.0% mean=0.974 p10=0.970 p90=0.980
Iter 0000140: train nll 1.386, valid error 075.090%, best valid error 075.090%, avg grad norm   0.218, avg grad norm (post clip)   0.230, rho_Whh  0.95, Omega  0.00, alpha  1.000, steps in the past 0.000, valid nll 1.386
  [diag] log10|dL/dh_t| hist bins=60 range=(-12.50,-11.50) mean=-12.00 p50=-12.00 p05=-12.00 p95=-12.00
  [diag] sat-dist hist bins=60 sat<0.05=0.0% mean=0.964 p10=0.959 p90=0.977
Iter 0000160: train nll 1.385, valid error 075.090%, best valid error 075.090%, avg grad norm   0.208, avg grad norm (post clip)   0.219, rho_Whh  0.95, Omega  0.00, alpha  1.000, steps in the past 0.000, valid nll 1.387
  [diag] log10|dL/dh_t| hist bins=60 range=(-12.50,-11.50) mean=-12.00 p50=-12.00 p05=-12.00 p95=-12.00
  [diag] sat-dist hist bins=60 sat<0.05=0.0% mean=0.971 p10=0.968 p90=0.978
Iter 0000180: train nll 1.386, valid error 075.090%, best valid error 075.090%, avg grad norm   0.214, avg grad norm (post clip)   0.225, rho_Whh  0.95, Omega  0.00, alpha  1.000, steps in the past 0.000, valid nll 1.387
  [diag] log10|dL/dh_t| hist bins=60 range=(-12.50,-11.50) mean=-12.00 p50=-12.00 p05=-12.00 p95=-12.00
  [diag] sat-dist hist bins=60 sat<0.05=0.0% mean=0.969 p10=0.966 p90=0.978
Iter 0000200: train nll 1.387, valid error 075.090%, best valid error 075.090%, avg grad norm   0.221, avg grad norm (post clip)   0.232, rho_Whh  0.95, Omega  0.00, alpha  1.000, steps in the past 0.000, valid nll 1.387
  [diag] log10|dL/dh_t| hist bins=60 range=(-12.50,-11.50) mean=-12.00 p50=-12.00 p05=-12.00 p95=-12.00
  [diag] sat-dist hist bins=60 sat<0.05=0.0% mean=0.964 p10=0.959 p90=0.977
Iter 0000220: train nll 1.386, valid error 075.090%, best valid error 075.090%, avg grad norm   0.208, avg grad norm (post clip)   0.219, rho_Whh  0.95, Omega  0.00, alpha  1.000, steps in the past 0.000, valid nll 1.387
  [diag] log10|dL/dh_t| hist bins=60 range=(-12.50,-11.50) mean=-12.00 p50=-12.00 p05=-12.00 p95=-12.00
  [diag] sat-dist hist bins=60 sat<0.05=0.0% mean=0.957 p10=0.950 p90=0.975
Iter 0000240: train nll 1.386, valid error 075.090%, best valid error 075.090%, avg grad norm   0.269, avg grad norm (post clip)   0.279, rho_Whh  0.95, Omega  0.00, alpha  1.000, steps in the past 0.000, valid nll 1.387
  [diag] log10|dL/dh_t| hist bins=60 range=(-12.50,-11.50) mean=-12.00 p50=-12.00 p05=-12.00 p95=-12.00
  [diag] sat-dist hist bins=60 sat<0.05=0.0% mean=0.963 p10=0.958 p90=0.976
Iter 0000260: train nll 1.387, valid error 075.090%, best valid error 075.090%, avg grad norm   0.226, avg grad norm (post clip)   0.240, rho_Whh  0.95, Omega  0.00, alpha  1.000, steps in the past 0.000, valid nll 1.387
  [diag] log10|dL/dh_t| hist bins=60 range=(-12.50,-11.50) mean=-12.00 p50=-12.00 p05=-12.00 p95=-12.00
  [diag] sat-dist hist bins=60 sat<0.05=0.0% mean=0.950 p10=0.941 p90=0.972
Iter 0000280: train nll 1.385, valid error 075.090%, best valid error 075.090%, avg grad norm   0.222, avg grad norm (post clip)   0.234, rho_Whh  0.95, Omega  0.00, alpha  1.000, steps in the past 0.000, valid nll 1.387
  [diag] log10|dL/dh_t| hist bins=60 range=(-12.50,-11.50) mean=-12.00 p50=-12.00 p05=-12.00 p95=-12.00
  [diag] sat-dist hist bins=60 sat<0.05=0.0% mean=0.957 p10=0.950 p90=0.975
Iter 0000300: train nll 1.386, valid error 075.090%, best valid error 075.090%, avg grad norm   0.214, avg grad norm (post clip)   0.226, rho_Whh  0.95, Omega  0.00, alpha  1.000, steps in the past 0.000, valid nll 1.387
  [diag] log10|dL/dh_t| hist bins=60 range=(-12.50,-11.50) mean=-12.00 p50=-12.00 p05=-12.00 p95=-12.00
  [diag] sat-dist hist bins=60 sat<0.05=0.0% mean=0.960 p10=0.954 p90=0.975
Iter 0000320: train nll 1.387, valid error 075.090%, best valid error 075.090%, avg grad norm   0.197, avg grad norm (post clip)   0.208, rho_Whh  0.95, Omega  0.00, alpha  1.000, steps in the past 0.000, valid nll 1.387
  [diag] log10|dL/dh_t| hist bins=60 range=(-12.50,-11.50) mean=-12.00 p50=-12.00 p05=-12.00 p95=-12.00
  [diag] sat-dist hist bins=60 sat<0.05=0.0% mean=0.978 p10=0.975 p90=0.981
Iter 0000340: train nll 1.388, valid error 075.040%, best valid error 075.090%, avg grad norm   0.216, avg grad norm (post clip)   0.227, rho_Whh  0.95, Omega  0.00, alpha  1.000, steps in the past 0.000, valid nll 1.387
  [diag] log10|dL/dh_t| hist bins=60 range=(-12.50,-11.50) mean=-12.00 p50=-12.00 p05=-12.00 p95=-12.00
  [diag] sat-dist hist bins=60 sat<0.05=0.0% mean=0.980 p10=0.978 p90=0.982
Iter 0000360: train nll 1.387, valid error 075.250%, best valid error 075.040%, avg grad norm   0.208, avg grad norm (post clip)   0.220, rho_Whh  0.95, Omega  0.00, alpha  1.000, steps in the past 0.000, valid nll 1.387
  [diag] log10|dL/dh_t| hist bins=60 range=(-12.50,-11.50) mean=-12.00 p50=-12.00 p05=-12.00 p95=-12.00
  [diag] sat-dist hist bins=60 sat<0.05=0.0% mean=0.979 p10=0.977 p90=0.982
Iter 0000380: train nll 1.386, valid error 075.330%, best valid error 075.040%, avg grad norm   0.199, avg grad norm (post clip)   0.210, rho_Whh  0.95, Omega  0.00, alpha  1.000, steps in the past 0.000, valid nll 1.387
  [diag] log10|dL/dh_t| hist bins=60 range=(-12.50,-11.50) mean=-12.00 p50=-12.00 p05=-12.00 p95=-12.00
  [diag] sat-dist hist bins=60 sat<0.05=0.0% mean=0.977 p10=0.973 p90=0.981
Iter 0000400: train nll 1.388, valid error 074.990%, best valid error 075.040%, avg grad norm   0.256, avg grad norm (post clip)   0.267, rho_Whh  0.95, Omega  0.00, alpha  1.000, steps in the past 0.000, valid nll 1.386
  [diag] log10|dL/dh_t| hist bins=60 range=(-12.50,-11.50) mean=-12.00 p50=-12.00 p05=-12.00 p95=-12.00
  [diag] sat-dist hist bins=60 sat<0.05=0.0% mean=0.962 p10=0.954 p90=0.977
Iter 0000420: train nll 1.386, valid error 074.360%, best valid error 074.990%, avg grad norm   0.232, avg grad norm (post clip)   0.245, rho_Whh  0.95, Omega  0.00, alpha  1.000, steps in the past 0.000, valid nll 1.386
  [diag] log10|dL/dh_t| hist bins=60 range=(-12.50,-11.50) mean=-12.00 p50=-12.00 p05=-12.00 p95=-12.00
  [diag] sat-dist hist bins=60 sat<0.05=0.0% mean=0.944 p10=0.931 p90=0.971
Iter 0000440: train nll 1.386, valid error 074.940%, best valid error 074.360%, avg grad norm   0.230, avg grad norm (post clip)   0.242, rho_Whh  0.95, Omega  0.00, alpha  1.000, steps in the past 0.000, valid nll 1.386
  [diag] log10|dL/dh_t| hist bins=60 range=(-12.50,-11.50) mean=-12.00 p50=-12.00 p05=-12.00 p95=-12.00
  [diag] sat-dist hist bins=60 sat<0.05=0.0% mean=0.926 p10=0.912 p90=0.964
Iter 0000460: train nll 1.385, valid error 074.420%, best valid error 074.360%, avg grad norm   0.285, avg grad norm (post clip)   0.297, rho_Whh  0.95, Omega  0.00, alpha  1.000, steps in the past 0.000, valid nll 1.386
  [diag] log10|dL/dh_t| hist bins=60 range=(-12.50,-11.50) mean=-12.00 p50=-12.00 p05=-12.00 p95=-12.00
  [diag] sat-dist hist bins=60 sat<0.05=0.0% mean=0.947 p10=0.936 p90=0.971
Iter 0000480: train nll 1.387, valid error 074.910%, best valid error 074.360%, avg grad norm   0.251, avg grad norm (post clip)   0.265, rho_Whh  0.95, Omega  0.00, alpha  1.000, steps in the past 0.000, valid nll 1.386
  [diag] log10|dL/dh_t| hist bins=60 range=(-12.50,-11.50) mean=-12.00 p50=-12.00 p05=-12.00 p95=-12.00
  [diag] sat-dist hist bins=60 sat<0.05=0.0% mean=0.970 p10=0.963 p90=0.979
Iter 0000500: train nll 1.388, valid error 075.050%, best valid error 074.360%, avg grad norm   0.239, avg grad norm (post clip)   0.253, rho_Whh  0.95, Omega  0.00, alpha  1.000, steps in the past 0.000, valid nll 1.386
  [diag] log10|dL/dh_t| hist bins=60 range=(-12.50,-11.50) mean=-12.00 p50=-12.00 p05=-12.00 p95=-12.00
  [diag] sat-dist hist bins=60 sat<0.05=0.0% mean=0.975 p10=0.971 p90=0.980
Iter 0000520: train nll 1.386, valid error 075.090%, best valid error 074.360%, avg grad norm   0.191, avg grad norm (post clip)   0.204, rho_Whh  0.95, Omega  0.00, alpha  1.000, steps in the past 0.000, valid nll 1.386
  [diag] log10|dL/dh_t| hist bins=60 range=(-12.50,-11.50) mean=-12.00 p50=-12.00 p05=-12.00 p95=-12.00
  [diag] sat-dist hist bins=60 sat<0.05=0.0% mean=0.981 p10=0.980 p90=0.982
Iter 0000540: train nll 1.387, valid error 075.090%, best valid error 074.360%, avg grad norm   0.245, avg grad norm (post clip)   0.255, rho_Whh  0.95, Omega  0.00, alpha  1.000, steps in the past 0.000, valid nll 1.386
  [diag] log10|dL/dh_t| hist bins=60 range=(-12.50,-11.50) mean=-12.00 p50=-12.00 p05=-12.00 p95=-12.00
  [diag] sat-dist hist bins=60 sat<0.05=0.0% mean=0.982 p10=0.980 p90=0.983
Iter 0000560: train nll 1.387, valid error 075.080%, best valid error 074.360%, avg grad norm   0.199, avg grad norm (post clip)   0.212, rho_Whh  0.95, Omega  0.00, alpha  1.000, steps in the past 0.000, valid nll 1.386
  [diag] log10|dL/dh_t| hist bins=60 range=(-12.50,-11.50) mean=-12.00 p50=-12.00 p05=-12.00 p95=-12.00
  [diag] sat-dist hist bins=60 sat<0.05=0.0% mean=0.982 p10=0.980 p90=0.983
Iter 0000580: train nll 1.387, valid error 075.270%, best valid error 074.360%, avg grad norm   0.187, avg grad norm (post clip)   0.197, rho_Whh  0.95, Omega  0.00, alpha  1.000, steps in the past 0.000, valid nll 1.386
  [diag] log10|dL/dh_t| hist bins=60 range=(-12.50,-11.50) mean=-12.00 p50=-12.00 p05=-12.00 p95=-12.00
  [diag] sat-dist hist bins=60 sat<0.05=0.0% mean=0.981 p10=0.978 p90=0.982
Iter 0000600: train nll 1.386, valid error 074.940%, best valid error 074.360%, avg grad norm   0.201, avg grad norm (post clip)   0.211, rho_Whh  0.95, Omega  0.00, alpha  1.000, steps in the past 0.000, valid nll 1.386
  [diag] log10|dL/dh_t| hist bins=60 range=(-12.50,-11.50) mean=-12.00 p50=-12.00 p05=-12.00 p95=-12.00
  [diag] sat-dist hist bins=60 sat<0.05=0.0% mean=0.978 p10=0.974 p90=0.982
Iter 0000620: train nll 1.386, valid error 074.890%, best valid error 074.360%, avg grad norm   0.204, avg grad norm (post clip)   0.215, rho_Whh  0.95, Omega  0.00, alpha  1.000, steps in the past 0.000, valid nll 1.386
  [diag] log10|dL/dh_t| hist bins=60 range=(-12.50,-11.50) mean=-12.00 p50=-12.00 p05=-12.00 p95=-12.00
  [diag] sat-dist hist bins=60 sat<0.05=0.0% mean=0.979 p10=0.977 p90=0.982
Iter 0000640: train nll 1.386, valid error 074.950%, best valid error 074.360%, avg grad norm   0.220, avg grad norm (post clip)   0.230, rho_Whh  0.95, Omega  0.00, alpha  1.000, steps in the past 0.000, valid nll 1.386
  [diag] log10|dL/dh_t| hist bins=60 range=(-12.50,-11.50) mean=-12.00 p50=-12.00 p05=-12.00 p95=-12.00
  [diag] sat-dist hist bins=60 sat<0.05=0.0% mean=0.981 p10=0.979 p90=0.983
Iter 0000660: train nll 1.386, valid error 074.950%, best valid error 074.360%, avg grad norm   0.192, avg grad norm (post clip)   0.203, rho_Whh  0.95, Omega  0.00, alpha  1.000, steps in the past 0.000, valid nll 1.386
  [diag] log10|dL/dh_t| hist bins=60 range=(-12.50,-11.50) mean=-12.00 p50=-12.00 p05=-12.00 p95=-12.00
  [diag] sat-dist hist bins=60 sat<0.05=0.0% mean=0.980 p10=0.977 p90=0.982
Iter 0000680: train nll 1.386, valid error 074.950%, best valid error 074.360%, avg grad norm   0.225, avg grad norm (post clip)   0.236, rho_Whh  0.95, Omega  0.00, alpha  1.000, steps in the past 0.000, valid nll 1.386
  [diag] log10|dL/dh_t| hist bins=60 range=(-12.50,-11.50) mean=-12.00 p50=-12.00 p05=-12.00 p95=-12.00
  [diag] sat-dist hist bins=60 sat<0.05=0.0% mean=0.978 p10=0.975 p90=0.982
Iter 0000700: train nll 1.387, valid error 074.910%, best valid error 074.360%, avg grad norm   0.213, avg grad norm (post clip)   0.225, rho_Whh  0.95, Omega  0.00, alpha  1.000, steps in the past 0.000, valid nll 1.386
  [diag] log10|dL/dh_t| hist bins=60 range=(-12.50,-11.50) mean=-12.00 p50=-12.00 p05=-12.00 p95=-12.00
  [diag] sat-dist hist bins=60 sat<0.05=0.0% mean=0.980 p10=0.977 p90=0.982
Iter 0000720: train nll 1.387, valid error 074.700%, best valid error 074.360%, avg grad norm   0.195, avg grad norm (post clip)   0.206, rho_Whh  0.95, Omega  0.00, alpha  1.000, steps in the past 0.000, valid nll 1.386
  [diag] log10|dL/dh_t| hist bins=60 range=(-12.50,-11.50) mean=-12.00 p50=-12.00 p05=-12.00 p95=-12.00
  [diag] sat-dist hist bins=60 sat<0.05=0.0% mean=0.981 p10=0.979 p90=0.983
Iter 0000740: train nll 1.386, valid error 074.950%, best valid error 074.360%, avg grad norm   0.216, avg grad norm (post clip)   0.226, rho_Whh  0.95, Omega  0.00, alpha  1.000, steps in the past 0.000, valid nll 1.386
  [diag] log10|dL/dh_t| hist bins=60 range=(-12.50,-11.50) mean=-12.00 p50=-12.00 p05=-12.00 p95=-12.00
  [diag] sat-dist hist bins=60 sat<0.05=0.0% mean=0.981 p10=0.979 p90=0.983
Iter 0000760: train nll 1.386, valid error 074.950%, best valid error 074.360%, avg grad norm   0.196, avg grad norm (post clip)   0.207, rho_Whh  0.95, Omega  0.00, alpha  1.000, steps in the past 0.000, valid nll 1.386
  [diag] log10|dL/dh_t| hist bins=60 range=(-12.50,-11.50) mean=-12.00 p50=-12.00 p05=-12.00 p95=-12.00
  [diag] sat-dist hist bins=60 sat<0.05=0.0% mean=0.981 p10=0.979 p90=0.983
Iter 0000780: train nll 1.385, valid error 074.950%, best valid error 074.360%, avg grad norm   0.204, avg grad norm (post clip)   0.214, rho_Whh  0.95, Omega  0.00, alpha  1.000, steps in the past 0.000, valid nll 1.386
  [diag] log10|dL/dh_t| hist bins=60 range=(-12.50,-11.50) mean=-12.00 p50=-12.00 p05=-12.00 p95=-12.00
  [diag] sat-dist hist bins=60 sat<0.05=0.0% mean=0.981 p10=0.979 p90=0.982
Iter 0000800: train nll 1.386, valid error 074.950%, best valid error 074.360%, avg grad norm   0.207, avg grad norm (post clip)   0.217, rho_Whh  0.95, Omega  0.00, alpha  1.000, steps in the past 0.000, valid nll 1.386
  [diag] log10|dL/dh_t| hist bins=60 range=(-12.50,-11.50) mean=-12.00 p50=-12.00 p05=-12.00 p95=-12.00
  [diag] sat-dist hist bins=60 sat<0.05=0.0% mean=0.981 p10=0.979 p90=0.983
Iter 0000820: train nll 1.386, valid error 074.950%, best valid error 074.360%, avg grad norm   0.194, avg grad norm (post clip)   0.205, rho_Whh  0.95, Omega  0.00, alpha  1.000, steps in the past 0.000, valid nll 1.386
  [diag] log10|dL/dh_t| hist bins=60 range=(-12.50,-11.50) mean=-12.00 p50=-12.00 p05=-12.00 p95=-12.00
  [diag] sat-dist hist bins=60 sat<0.05=0.0% mean=0.980 p10=0.977 p90=0.982
Iter 0000840: train nll 1.386, valid error 074.950%, best valid error 074.360%, avg grad norm   0.202, avg grad norm (post clip)   0.212, rho_Whh  0.95, Omega  0.00, alpha  1.000, steps in the past 0.000, valid nll 1.386
  [diag] log10|dL/dh_t| hist bins=60 range=(-12.50,-11.50) mean=-12.00 p50=-12.00 p05=-12.00 p95=-12.00
  [diag] sat-dist hist bins=60 sat<0.05=0.0% mean=0.977 p10=0.973 p90=0.981
Iter 0000860: train nll 1.387, valid error 074.950%, best valid error 074.360%, avg grad norm   0.196, avg grad norm (post clip)   0.207, rho_Whh  0.95, Omega  0.00, alpha  1.000, steps in the past 0.000, valid nll 1.386
  [diag] log10|dL/dh_t| hist bins=60 range=(-12.50,-11.50) mean=-12.00 p50=-12.00 p05=-12.00 p95=-12.00
  [diag] sat-dist hist bins=60 sat<0.05=0.0% mean=0.979 p10=0.977 p90=0.982
Iter 0000880: train nll 1.387, valid error 074.950%, best valid error 074.360%, avg grad norm   0.216, avg grad norm (post clip)   0.226, rho_Whh  0.95, Omega  0.00, alpha  1.000, steps in the past 0.000, valid nll 1.386
  [diag] log10|dL/dh_t| hist bins=60 range=(-12.50,-11.50) mean=-12.00 p50=-12.00 p05=-12.00 p95=-12.00
  [diag] sat-dist hist bins=60 sat<0.05=0.0% mean=0.980 p10=0.977 p90=0.982
Iter 0000900: train nll 1.387, valid error 074.950%, best valid error 074.360%, avg grad norm   0.193, avg grad norm (post clip)   0.204, rho_Whh  0.95, Omega  0.00, alpha  1.000, steps in the past 0.000, valid nll 1.386
  [diag] log10|dL/dh_t| hist bins=60 range=(-12.50,-11.50) mean=-12.00 p50=-12.00 p05=-12.00 p95=-12.00
  [diag] sat-dist hist bins=60 sat<0.05=0.0% mean=0.982 p10=0.980 p90=0.983
Iter 0000920: train nll 1.386, valid error 074.950%, best valid error 074.360%, avg grad norm   0.189, avg grad norm (post clip)   0.200, rho_Whh  0.95, Omega  0.00, alpha  1.000, steps in the past 0.000, valid nll 1.386
  [diag] log10|dL/dh_t| hist bins=60 range=(-12.50,-11.50) mean=-12.00 p50=-12.00 p05=-12.00 p95=-12.00
  [diag] sat-dist hist bins=60 sat<0.05=0.0% mean=0.982 p10=0.980 p90=0.983
Iter 0000940: train nll 1.386, valid error 074.950%, best valid error 074.360%, avg grad norm   0.187, avg grad norm (post clip)   0.197, rho_Whh  0.95, Omega  0.00, alpha  1.000, steps in the past 0.000, valid nll 1.386
  [diag] log10|dL/dh_t| hist bins=60 range=(-12.50,-11.50) mean=-12.00 p50=-12.00 p05=-12.00 p95=-12.00
  [diag] sat-dist hist bins=60 sat<0.05=0.0% mean=0.981 p10=0.980 p90=0.982
Iter 0000960: train nll 1.386, valid error 074.950%, best valid error 074.360%, avg grad norm   0.191, avg grad norm (post clip)   0.201, rho_Whh  0.95, Omega  0.00, alpha  1.000, steps in the past 0.000, valid nll 1.386
  [diag] log10|dL/dh_t| hist bins=60 range=(-12.50,-11.50) mean=-12.00 p50=-12.00 p05=-12.00 p95=-12.00
  [diag] sat-dist hist bins=60 sat<0.05=0.0% mean=0.980 p10=0.978 p90=0.982
Iter 0000980: train nll 1.386, valid error 074.950%, best valid error 074.360%, avg grad norm   0.186, avg grad norm (post clip)   0.196, rho_Whh  0.95, Omega  0.00, alpha  1.000, steps in the past 0.000, valid nll 1.386
  [diag] log10|dL/dh_t| hist bins=60 range=(-12.50,-11.50) mean=-12.00 p50=-12.00 p05=-12.00 p95=-12.00
  [diag] sat-dist hist bins=60 sat<0.05=0.0% mean=0.980 p10=0.978 p90=0.982
Iter 0001000: train nll 1.386, valid error 074.950%, best valid error 074.360%, avg grad norm   0.176, avg grad norm (post clip)   0.186, rho_Whh  0.95, Omega  0.00, alpha  1.000, steps in the past 0.000, valid nll 1.386
  [diag] log10|dL/dh_t| hist bins=60 range=(-12.50,-11.50) mean=-12.00 p50=-12.00 p05=-12.00 p95=-12.00
  [diag] sat-dist hist bins=60 sat<0.05=0.0% mean=0.980 p10=0.978 p90=0.982
Iter 0001020: train nll 1.387, valid error 074.950%, best valid error 074.360%, avg grad norm   0.201, avg grad norm (post clip)   0.210, rho_Whh  0.95, Omega  0.00, alpha  1.000, steps in the past 0.000, valid nll 1.386
  [diag] log10|dL/dh_t| hist bins=60 range=(-12.50,-11.50) mean=-12.00 p50=-12.00 p05=-12.00 p95=-12.00
  [diag] sat-dist hist bins=60 sat<0.05=0.0% mean=0.980 p10=0.978 p90=0.982
Iter 0001040: train nll 1.386, valid error 074.950%, best valid error 074.360%, avg grad norm   0.195, avg grad norm (post clip)   0.205, rho_Whh  0.95, Omega  0.00, alpha  1.000, steps in the past 0.000, valid nll 1.386
  [diag] log10|dL/dh_t| hist bins=60 range=(-12.50,-11.50) mean=-12.00 p50=-12.00 p05=-12.00 p95=-12.00
  [diag] sat-dist hist bins=60 sat<0.05=0.0% mean=0.980 p10=0.978 p90=0.982
Iter 0001060: train nll 1.387, valid error 074.950%, best valid error 074.360%, avg grad norm   0.234, avg grad norm (post clip)   0.244, rho_Whh  0.95, Omega  0.00, alpha  1.000, steps in the past 0.000, valid nll 1.386
  [diag] log10|dL/dh_t| hist bins=60 range=(-12.50,-11.50) mean=-12.00 p50=-12.00 p05=-12.00 p95=-12.00
  [diag] sat-dist hist bins=60 sat<0.05=0.0% mean=0.981 p10=0.979 p90=0.983
Iter 0001080: train nll 1.386, valid error 074.450%, best valid error 074.360%, avg grad norm   0.232, avg grad norm (post clip)   0.244, rho_Whh  0.95, Omega  0.00, alpha  1.000, steps in the past 0.000, valid nll 1.386
  [diag] log10|dL/dh_t| hist bins=60 range=(-12.50,-11.50) mean=-12.00 p50=-12.00 p05=-12.00 p95=-12.00
  [diag] sat-dist hist bins=60 sat<0.05=0.0% mean=0.981 p10=0.979 p90=0.982
Iter 0001100: train nll 1.386, valid error 074.560%, best valid error 074.360%, avg grad norm   0.203, avg grad norm (post clip)   0.215, rho_Whh  0.95, Omega  0.00, alpha  1.000, steps in the past 0.000, valid nll 1.386
  [diag] log10|dL/dh_t| hist bins=60 range=(-12.50,-11.50) mean=-12.00 p50=-12.00 p05=-12.00 p95=-12.00
  [diag] sat-dist hist bins=60 sat<0.05=0.0% mean=0.981 p10=0.980 p90=0.983
Iter 0001120: train nll 1.387, valid error 074.950%, best valid error 074.360%, avg grad norm   0.180, avg grad norm (post clip)   0.191, rho_Whh  0.95, Omega  0.00, alpha  1.000, steps in the past 0.000, valid nll 1.386
  [diag] log10|dL/dh_t| hist bins=60 range=(-12.50,-11.50) mean=-12.00 p50=-12.00 p05=-12.00 p95=-12.00
  [diag] sat-dist hist bins=60 sat<0.05=0.0% mean=0.981 p10=0.980 p90=0.983
Iter 0001140: train nll 1.387, valid error 074.950%, best valid error 074.360%, avg grad norm   0.176, avg grad norm (post clip)   0.186, rho_Whh  0.95, Omega  0.00, alpha  1.000, steps in the past 0.000, valid nll 1.386
  [diag] log10|dL/dh_t| hist bins=60 range=(-12.50,-11.50) mean=-12.00 p50=-12.00 p05=-12.00 p95=-12.00
  [diag] sat-dist hist bins=60 sat<0.05=0.0% mean=0.982 p10=0.980 p90=0.983
Iter 0001160: train nll 1.386, valid error 074.630%, best valid error 074.360%, avg grad norm   0.208, avg grad norm (post clip)   0.216, rho_Whh  0.95, Omega  0.00, alpha  1.000, steps in the past 0.000, valid nll 1.386
  [diag] log10|dL/dh_t| hist bins=60 range=(-12.50,-11.50) mean=-12.00 p50=-12.00 p05=-12.00 p95=-12.00
  [diag] sat-dist hist bins=60 sat<0.05=0.0% mean=0.981 p10=0.980 p90=0.983
Iter 0001180: train nll 1.386, valid error 074.950%, best valid error 074.360%, avg grad norm   0.181, avg grad norm (post clip)   0.192, rho_Whh  0.95, Omega  0.00, alpha  1.000, steps in the past 0.000, valid nll 1.386
  [diag] log10|dL/dh_t| hist bins=60 range=(-12.50,-11.50) mean=-12.00 p50=-12.00 p05=-12.00 p95=-12.00
  [diag] sat-dist hist bins=60 sat<0.05=0.0% mean=0.981 p10=0.980 p90=0.983
Iter 0001200: train nll 1.387, valid error 074.950%, best valid error 074.360%, avg grad norm   0.174, avg grad norm (post clip)   0.184, rho_Whh  0.95, Omega  0.00, alpha  1.000, steps in the past 0.000, valid nll 1.386
  [diag] log10|dL/dh_t| hist bins=60 range=(-12.50,-11.50) mean=-12.00 p50=-12.00 p05=-12.00 p95=-12.00
  [diag] sat-dist hist bins=60 sat<0.05=0.0% mean=0.981 p10=0.980 p90=0.983
Iter 0001220: train nll 1.387, valid error 074.940%, best valid error 074.360%, avg grad norm   0.178, avg grad norm (post clip)   0.187, rho_Whh  0.95, Omega  0.00, alpha  1.000, steps in the past 0.000, valid nll 1.386
  [diag] log10|dL/dh_t| hist bins=60 range=(-12.50,-11.50) mean=-12.00 p50=-12.00 p05=-12.00 p95=-12.00
  [diag] sat-dist hist bins=60 sat<0.05=0.0% mean=0.982 p10=0.980 p90=0.983
Iter 0001240: train nll 1.386, valid error 074.960%, best valid error 074.360%, avg grad norm   0.173, avg grad norm (post clip)   0.183, rho_Whh  0.95, Omega  0.00, alpha  1.000, steps in the past 0.000, valid nll 1.386
  [diag] log10|dL/dh_t| hist bins=60 range=(-12.50,-11.50) mean=-12.00 p50=-12.00 p05=-12.00 p95=-12.00
  [diag] sat-dist hist bins=60 sat<0.05=0.0% mean=0.981 p10=0.980 p90=0.983
Iter 0001260: train nll 1.386, valid error 074.890%, best valid error 074.360%, avg grad norm   0.230, avg grad norm (post clip)   0.239, rho_Whh  0.96, Omega  0.00, alpha  1.000, steps in the past 0.000, valid nll 1.386
  [diag] log10|dL/dh_t| hist bins=60 range=(-12.50,-11.50) mean=-12.00 p50=-12.00 p05=-12.00 p95=-12.00
  [diag] sat-dist hist bins=60 sat<0.05=0.0% mean=0.980 p10=0.979 p90=0.982
Iter 0001280: train nll 1.386, valid error 074.950%, best valid error 074.360%, avg grad norm   0.195, avg grad norm (post clip)   0.207, rho_Whh  0.96, Omega  0.00, alpha  1.000, steps in the past 0.000, valid nll 1.386
  [diag] log10|dL/dh_t| hist bins=60 range=(-12.50,-11.50) mean=-12.00 p50=-12.00 p05=-12.00 p95=-12.00
  [diag] sat-dist hist bins=60 sat<0.05=0.0% mean=0.980 p10=0.979 p90=0.982
Iter 0001300: train nll 1.386, valid error 074.950%, best valid error 074.360%, avg grad norm   0.200, avg grad norm (post clip)   0.211, rho_Whh  0.96, Omega  0.00, alpha  1.000, steps in the past 0.000, valid nll 1.386
  [diag] log10|dL/dh_t| hist bins=60 range=(-12.50,-11.50) mean=-12.00 p50=-12.00 p05=-12.00 p95=-12.00
  [diag] sat-dist hist bins=60 sat<0.05=0.0% mean=0.981 p10=0.980 p90=0.983
Iter 0001320: train nll 1.387, valid error 074.920%, best valid error 074.360%, avg grad norm   0.192, avg grad norm (post clip)   0.202, rho_Whh  0.96, Omega  0.00, alpha  1.000, steps in the past 0.000, valid nll 1.386
  [diag] log10|dL/dh_t| hist bins=60 range=(-12.50,-11.50) mean=-12.00 p50=-12.00 p05=-12.00 p95=-12.00
  [diag] sat-dist hist bins=60 sat<0.05=0.0% mean=0.982 p10=0.980 p90=0.983
Iter 0001340: train nll 1.387, valid error 074.920%, best valid error 074.360%, avg grad norm   0.228, avg grad norm (post clip)   0.238, rho_Whh  0.96, Omega  0.00, alpha  1.000, steps in the past 0.000, valid nll 1.386
  [diag] log10|dL/dh_t| hist bins=60 range=(-12.50,-11.50) mean=-12.00 p50=-12.00 p05=-12.00 p95=-12.00
  [diag] sat-dist hist bins=60 sat<0.05=0.0% mean=0.981 p10=0.979 p90=0.982
Iter 0001360: train nll 1.386, valid error 074.900%, best valid error 074.360%, avg grad norm   0.231, avg grad norm (post clip)   0.243, rho_Whh  0.96, Omega  0.00, alpha  1.000, steps in the past 0.000, valid nll 1.386
  [diag] log10|dL/dh_t| hist bins=60 range=(-12.50,-11.50) mean=-12.00 p50=-12.00 p05=-12.00 p95=-12.00
  [diag] sat-dist hist bins=60 sat<0.05=0.0% mean=0.981 p10=0.979 p90=0.982
Iter 0001380: train nll 1.386, valid error 074.710%, best valid error 074.360%, avg grad norm   0.203, avg grad norm (post clip)   0.215, rho_Whh  0.96, Omega  0.00, alpha  1.000, steps in the past 0.000, valid nll 1.386
  [diag] log10|dL/dh_t| hist bins=60 range=(-12.50,-11.50) mean=-12.00 p50=-12.00 p05=-12.00 p95=-12.00
  [diag] sat-dist hist bins=60 sat<0.05=0.0% mean=0.981 p10=0.979 p90=0.982
Iter 0001400: train nll 1.385, valid error 074.950%, best valid error 074.360%, avg grad norm   0.190, avg grad norm (post clip)   0.201, rho_Whh  0.96, Omega  0.00, alpha  1.000, steps in the past 0.000, valid nll 1.386
  [diag] log10|dL/dh_t| hist bins=60 range=(-12.50,-11.50) mean=-12.00 p50=-12.00 p05=-12.00 p95=-12.00
  [diag] sat-dist hist bins=60 sat<0.05=0.0% mean=0.980 p10=0.977 p90=0.982
Iter 0001420: train nll 1.387, valid error 074.170%, best valid error 074.360%, avg grad norm   0.208, avg grad norm (post clip)   0.218, rho_Whh  0.96, Omega  0.00, alpha  1.000, steps in the past 0.000, valid nll 1.386
  [diag] log10|dL/dh_t| hist bins=60 range=(-12.50,-11.50) mean=-12.00 p50=-12.00 p05=-12.00 p95=-12.00
  [diag] sat-dist hist bins=60 sat<0.05=0.0% mean=0.980 p10=0.978 p90=0.982
Iter 0001440: train nll 1.387, valid error 073.830%, best valid error 074.170%, avg grad norm   0.210, avg grad norm (post clip)   0.221, rho_Whh  0.96, Omega  0.00, alpha  1.000, steps in the past 0.000, valid nll 1.386
  [diag] log10|dL/dh_t| hist bins=60 range=(-12.50,-11.50) mean=-12.00 p50=-12.00 p05=-12.00 p95=-12.00
  [diag] sat-dist hist bins=60 sat<0.05=0.0% mean=0.981 p10=0.979 p90=0.982
Iter 0001460: train nll 1.386, valid error 074.280%, best valid error 073.830%, avg grad norm   0.202, avg grad norm (post clip)   0.213, rho_Whh  0.96, Omega  0.00, alpha  1.000, steps in the past 0.000, valid nll 1.386
  [diag] log10|dL/dh_t| hist bins=60 range=(-12.50,-11.50) mean=-12.00 p50=-12.00 p05=-12.00 p95=-12.00
  [diag] sat-dist hist bins=60 sat<0.05=0.0% mean=0.980 p10=0.979 p90=0.982
Iter 0001480: train nll 1.387, valid error 074.110%, best valid error 073.830%, avg grad norm   0.223, avg grad norm (post clip)   0.234, rho_Whh  0.96, Omega  0.00, alpha  1.000, steps in the past 0.000, valid nll 1.386
  [diag] log10|dL/dh_t| hist bins=60 range=(-12.50,-11.50) mean=-12.00 p50=-12.00 p05=-12.00 p95=-12.00
  [diag] sat-dist hist bins=60 sat<0.05=0.0% mean=0.981 p10=0.979 p90=0.982
Iter 0001500: train nll 1.387, valid error 074.380%, best valid error 073.830%, avg grad norm   0.217, avg grad norm (post clip)   0.229, rho_Whh  0.96, Omega  0.00, alpha  1.000, steps in the past 0.000, valid nll 1.386
  [diag] log10|dL/dh_t| hist bins=60 range=(-12.50,-11.50) mean=-12.00 p50=-12.00 p05=-12.00 p95=-12.00
  [diag] sat-dist hist bins=60 sat<0.05=0.0% mean=0.981 p10=0.980 p90=0.983
Iter 0001520: train nll 1.386, valid error 074.870%, best valid error 073.830%, avg grad norm   0.210, avg grad norm (post clip)   0.221, rho_Whh  0.96, Omega  0.00, alpha  1.000, steps in the past 0.000, valid nll 1.386
  [diag] log10|dL/dh_t| hist bins=60 range=(-12.50,-11.50) mean=-12.00 p50=-12.00 p05=-12.00 p95=-12.00
  [diag] sat-dist hist bins=60 sat<0.05=0.0% mean=0.981 p10=0.980 p90=0.983
Iter 0001540: train nll 1.386, valid error 074.920%, best valid error 073.830%, avg grad norm   0.188, avg grad norm (post clip)   0.199, rho_Whh  0.96, Omega  0.00, alpha  1.000, steps in the past 0.000, valid nll 1.386
  [diag] log10|dL/dh_t| hist bins=60 range=(-12.50,-11.50) mean=-12.00 p50=-12.00 p05=-12.00 p95=-12.00
  [diag] sat-dist hist bins=60 sat<0.05=0.0% mean=0.980 p10=0.979 p90=0.982
Iter 0001560: train nll 1.387, valid error 074.950%, best valid error 073.830%, avg grad norm   0.176, avg grad norm (post clip)   0.186, rho_Whh  0.96, Omega  0.00, alpha  1.000, steps in the past 0.000, valid nll 1.386
  [diag] log10|dL/dh_t| hist bins=60 range=(-12.50,-11.50) mean=-12.00 p50=-12.00 p05=-12.00 p95=-12.00
  [diag] sat-dist hist bins=60 sat<0.05=0.0% mean=0.979 p10=0.977 p90=0.981
Iter 0001580: train nll 1.386, valid error 074.950%, best valid error 073.830%, avg grad norm   0.177, avg grad norm (post clip)   0.186, rho_Whh  0.96, Omega  0.00, alpha  1.000, steps in the past 0.000, valid nll 1.386
  [diag] log10|dL/dh_t| hist bins=60 range=(-12.50,-11.50) mean=-12.00 p50=-12.00 p05=-12.00 p95=-12.00
  [diag] sat-dist hist bins=60 sat<0.05=0.0% mean=0.978 p10=0.975 p90=0.981
Iter 0001600: train nll 1.387, valid error 074.100%, best valid error 073.830%, avg grad norm   0.224, avg grad norm (post clip)   0.233, rho_Whh  0.96, Omega  0.00, alpha  1.000, steps in the past 0.000, valid nll 1.386
  [diag] log10|dL/dh_t| hist bins=60 range=(-12.50,-11.50) mean=-12.00 p50=-12.00 p05=-12.00 p95=-12.00
  [diag] sat-dist hist bins=60 sat<0.05=0.0% mean=0.975 p10=0.972 p90=0.979
Iter 0001620: train nll 1.386, valid error 074.050%, best valid error 073.830%, avg grad norm   0.222, avg grad norm (post clip)   0.234, rho_Whh  0.96, Omega  0.00, alpha  1.000, steps in the past 0.000, valid nll 1.387
  [diag] log10|dL/dh_t| hist bins=60 range=(-12.50,-11.50) mean=-12.00 p50=-12.00 p05=-12.00 p95=-12.00
  [diag] sat-dist hist bins=60 sat<0.05=0.0% mean=0.977 p10=0.974 p90=0.980
Iter 0001640: train nll 1.387, valid error 075.120%, best valid error 073.830%, avg grad norm   0.195, avg grad norm (post clip)   0.206, rho_Whh  0.96, Omega  0.00, alpha  1.000, steps in the past 0.000, valid nll 1.386
  [diag] log10|dL/dh_t| hist bins=60 range=(-12.50,-11.50) mean=-12.00 p50=-12.00 p05=-12.00 p95=-12.00
  [diag] sat-dist hist bins=60 sat<0.05=0.0% mean=0.977 p10=0.974 p90=0.980
Iter 0001660: train nll 1.386, valid error 075.700%, best valid error 073.830%, avg grad norm   0.215, avg grad norm (post clip)   0.225, rho_Whh  0.96, Omega  0.00, alpha  1.000, steps in the past 0.000, valid nll 1.387
  [diag] log10|dL/dh_t| hist bins=60 range=(-12.50,-11.50) mean=-12.00 p50=-12.00 p05=-12.00 p95=-12.00
  [diag] sat-dist hist bins=60 sat<0.05=0.0% mean=0.980 p10=0.978 p90=0.982
Iter 0001680: train nll 1.386, valid error 074.950%, best valid error 073.830%, avg grad norm   0.206, avg grad norm (post clip)   0.217, rho_Whh  0.96, Omega  0.00, alpha  1.000, steps in the past 0.000, valid nll 1.386
  [diag] log10|dL/dh_t| hist bins=60 range=(-12.50,-11.50) mean=-12.00 p50=-12.00 p05=-12.00 p95=-12.00
  [diag] sat-dist hist bins=60 sat<0.05=0.0% mean=0.981 p10=0.980 p90=0.983
Iter 0001700: train nll 1.386, valid error 074.940%, best valid error 073.830%, avg grad norm   0.186, avg grad norm (post clip)   0.197, rho_Whh  0.96, Omega  0.00, alpha  1.000, steps in the past 0.000, valid nll 1.386
  [diag] log10|dL/dh_t| hist bins=60 range=(-12.50,-11.50) mean=-12.00 p50=-12.00 p05=-12.00 p95=-12.00
  [diag] sat-dist hist bins=60 sat<0.05=0.0% mean=0.981 p10=0.979 p90=0.983
Iter 0001720: train nll 1.384, valid error 074.950%, best valid error 073.830%, avg grad norm   0.205, avg grad norm (post clip)   0.215, rho_Whh  0.97, Omega  0.00, alpha  1.000, steps in the past 0.000, valid nll 1.386
  [diag] log10|dL/dh_t| hist bins=60 range=(-12.50,-11.50) mean=-12.00 p50=-12.00 p05=-12.00 p95=-12.00
  [diag] sat-dist hist bins=60 sat<0.05=0.0% mean=0.980 p10=0.979 p90=0.982
Iter 0001740: train nll 1.386, valid error 074.950%, best valid error 073.830%, avg grad norm   0.215, avg grad norm (post clip)   0.226, rho_Whh  0.97, Omega  0.00, alpha  1.000, steps in the past 0.000, valid nll 1.386
  [diag] log10|dL/dh_t| hist bins=60 range=(-12.50,-11.50) mean=-12.00 p50=-12.00 p05=-12.00 p95=-12.00
  [diag] sat-dist hist bins=60 sat<0.05=0.0% mean=0.981 p10=0.980 p90=0.983
Iter 0001760: train nll 1.386, valid error 074.950%, best valid error 073.830%, avg grad norm   0.188, avg grad norm (post clip)   0.200, rho_Whh  0.97, Omega  0.00, alpha  1.000, steps in the past 0.000, valid nll 1.386
  [diag] log10|dL/dh_t| hist bins=60 range=(-12.50,-11.50) mean=-12.00 p50=-12.00 p05=-12.00 p95=-12.00
  [diag] sat-dist hist bins=60 sat<0.05=0.0% mean=0.981 p10=0.980 p90=0.983
Iter 0001780: train nll 1.385, valid error 074.950%, best valid error 073.830%, avg grad norm   0.206, avg grad norm (post clip)   0.216, rho_Whh  0.97, Omega  0.00, alpha  1.000, steps in the past 0.000, valid nll 1.386
  [diag] log10|dL/dh_t| hist bins=60 range=(-12.50,-11.50) mean=-12.00 p50=-12.00 p05=-12.00 p95=-12.00
  [diag] sat-dist hist bins=60 sat<0.05=0.0% mean=0.981 p10=0.979 p90=0.982
Iter 0001800: train nll 1.386, valid error 074.950%, best valid error 073.830%, avg grad norm   0.199, avg grad norm (post clip)   0.210, rho_Whh  0.97, Omega  0.00, alpha  1.000, steps in the past 0.000, valid nll 1.386
  [diag] log10|dL/dh_t| hist bins=60 range=(-12.50,-11.50) mean=-12.00 p50=-12.00 p05=-12.00 p95=-12.00
  [diag] sat-dist hist bins=60 sat<0.05=0.0% mean=0.981 p10=0.979 p90=0.983
Iter 0001820: train nll 1.387, valid error 074.950%, best valid error 073.830%, avg grad norm   0.208, avg grad norm (post clip)   0.218, rho_Whh  0.97, Omega  0.00, alpha  1.000, steps in the past 0.000, valid nll 1.386
  [diag] log10|dL/dh_t| hist bins=60 range=(-12.50,-11.50) mean=-12.00 p50=-12.00 p05=-12.00 p95=-12.00
  [diag] sat-dist hist bins=60 sat<0.05=0.0% mean=0.981 p10=0.979 p90=0.983
Iter 0001840: train nll 1.387, valid error 074.950%, best valid error 073.830%, avg grad norm   0.185, avg grad norm (post clip)   0.196, rho_Whh  0.97, Omega  0.00, alpha  1.000, steps in the past 0.000, valid nll 1.386
  [diag] log10|dL/dh_t| hist bins=60 range=(-12.50,-11.50) mean=-12.00 p50=-12.00 p05=-12.00 p95=-12.00
  [diag] sat-dist hist bins=60 sat<0.05=0.0% mean=0.981 p10=0.980 p90=0.983
Iter 0001860: train nll 1.387, valid error 074.950%, best valid error 073.830%, avg grad norm   0.186, avg grad norm (post clip)   0.196, rho_Whh  0.97, Omega  0.00, alpha  1.000, steps in the past 0.000, valid nll 1.386
  [diag] log10|dL/dh_t| hist bins=60 range=(-12.50,-11.50) mean=-12.00 p50=-12.00 p05=-12.00 p95=-12.00
  [diag] sat-dist hist bins=60 sat<0.05=0.0% mean=0.981 p10=0.979 p90=0.983
Iter 0001880: train nll 1.386, valid error 074.920%, best valid error 073.830%, avg grad norm   0.197, avg grad norm (post clip)   0.207, rho_Whh  0.97, Omega  0.00, alpha  1.000, steps in the past 0.000, valid nll 1.386
  [diag] log10|dL/dh_t| hist bins=60 range=(-12.50,-11.50) mean=-12.00 p50=-12.00 p05=-12.00 p95=-12.00
  [diag] sat-dist hist bins=60 sat<0.05=0.0% mean=0.980 p10=0.978 p90=0.982
Iter 0001900: train nll 1.387, valid error 074.150%, best valid error 073.830%, avg grad norm   0.212, avg grad norm (post clip)   0.222, rho_Whh  0.98, Omega  0.00, alpha  1.000, steps in the past 0.000, valid nll 1.386
  [diag] log10|dL/dh_t| hist bins=60 range=(-12.50,-11.50) mean=-12.00 p50=-12.00 p05=-12.00 p95=-12.00
  [diag] sat-dist hist bins=60 sat<0.05=0.0% mean=0.980 p10=0.978 p90=0.982
Iter 0001920: train nll 1.385, valid error 073.280%, best valid error 073.830%, avg grad norm   0.187, avg grad norm (post clip)   0.198, rho_Whh  0.98, Omega  0.00, alpha  1.000, steps in the past 0.000, valid nll 1.386
  [diag] log10|dL/dh_t| hist bins=60 range=(-12.50,-11.50) mean=-12.00 p50=-12.00 p05=-12.00 p95=-12.00
  [diag] sat-dist hist bins=60 sat<0.05=0.0% mean=0.980 p10=0.978 p90=0.982
Iter 0001940: train nll 1.387, valid error 074.110%, best valid error 073.280%, avg grad norm   0.203, avg grad norm (post clip)   0.213, rho_Whh  0.98, Omega  0.00, alpha  1.000, steps in the past 0.000, valid nll 1.386
  [diag] log10|dL/dh_t| hist bins=60 range=(-12.50,-11.50) mean=-12.00 p50=-12.00 p05=-12.00 p95=-12.00
  [diag] sat-dist hist bins=60 sat<0.05=0.0% mean=0.980 p10=0.978 p90=0.983
Iter 0001960: train nll 1.387, valid error 073.420%, best valid error 073.280%, avg grad norm   0.198, avg grad norm (post clip)   0.209, rho_Whh  0.98, Omega  0.00, alpha  1.000, steps in the past 0.000, valid nll 1.386
  [diag] log10|dL/dh_t| hist bins=60 range=(-12.50,-11.50) mean=-12.00 p50=-12.00 p05=-12.00 p95=-12.00
  [diag] sat-dist hist bins=60 sat<0.05=0.0% mean=0.979 p10=0.977 p90=0.982
Iter 0001980: train nll 1.387, valid error 072.480%, best valid error 073.280%, avg grad norm   0.241, avg grad norm (post clip)   0.251, rho_Whh  0.99, Omega  0.00, alpha  1.000, steps in the past 0.000, valid nll 1.386
  [diag] log10|dL/dh_t| hist bins=60 range=(-12.50,-11.50) mean=-12.00 p50=-12.00 p05=-12.00 p95=-12.00
  [diag] sat-dist hist bins=60 sat<0.05=0.0% mean=0.976 p10=0.971 p90=0.982
Iter 0002000: train nll 1.385, valid error 073.450%, best valid error 072.480%, avg grad norm   0.236, avg grad norm (post clip)   0.248, rho_Whh  1.00, Omega  0.00, alpha  1.000, steps in the past 0.000, valid nll 1.385
  [diag] log10|dL/dh_t| hist bins=60 range=(-12.50,-11.50) mean=-12.00 p50=-12.00 p05=-12.00 p95=-12.00
  [diag] sat-dist hist bins=60 sat<0.05=0.0% mean=0.950 p10=0.918 p90=0.975
Iter 0002020: train nll 1.384, valid error 073.470%, best valid error 072.480%, avg grad norm   0.423, avg grad norm (post clip)   0.394, rho_Whh  1.03, Omega  0.00, alpha  1.000, steps in the past 0.000, valid nll 1.382
  [diag] log10|dL/dh_t| hist bins=60 range=(-12.50,-11.50) mean=-12.00 p50=-12.00 p05=-12.00 p95=-12.00
  [diag] sat-dist hist bins=60 sat<0.05=0.0% mean=0.952 p10=0.898 p90=0.983
Iter 0002040: train nll 1.374, valid error 049.860%, best valid error 072.480%, avg grad norm   2.140, avg grad norm (post clip)   0.520, rho_Whh  1.04, Omega  0.00, alpha  1.000, steps in the past 0.000, valid nll 1.351
  [diag] log10|dL/dh_t| hist bins=60 range=(-12.50,-11.50) mean=-12.00 p50=-12.00 p05=-12.00 p95=-12.00
  [diag] sat-dist hist bins=60 sat<0.05=0.0% mean=0.945 p10=0.892 p90=0.983
Iter 0002060: train nll 1.361, valid error 054.690%, best valid error 049.860%, avg grad norm  11.618, avg grad norm (post clip)   0.526, rho_Whh  1.05, Omega  0.00, alpha  1.000, steps in the past 0.000, valid nll 1.357
  [diag] log10|dL/dh_t| hist bins=60 range=(-12.50,-11.50) mean=-12.00 p50=-12.00 p05=-12.00 p95=-12.00
  [diag] sat-dist hist bins=60 sat<0.05=0.0% mean=0.945 p10=0.894 p90=0.983
Iter 0002080: train nll 1.354, valid error 051.490%, best valid error 049.860%, avg grad norm  13.891, avg grad norm (post clip)   0.526, rho_Whh  1.05, Omega  0.00, alpha  1.000, steps in the past 0.000, valid nll 1.352
  [diag] log10|dL/dh_t| hist bins=60 range=(-12.50,-11.50) mean=-12.00 p50=-12.00 p05=-12.00 p95=-12.00
  [diag] sat-dist hist bins=60 sat<0.05=0.0% mean=0.942 p10=0.883 p90=0.983
Iter 0002100: train nll 1.350, valid error 046.410%, best valid error 049.860%, avg grad norm  15.587, avg grad norm (post clip)   0.526, rho_Whh  1.05, Omega  0.00, alpha  1.000, steps in the past 0.000, valid nll 1.346
  [diag] log10|dL/dh_t| hist bins=60 range=(-12.50,-11.50) mean=-12.00 p50=-12.00 p05=-12.00 p95=-12.00
  [diag] sat-dist hist bins=60 sat<0.05=0.0% mean=0.941 p10=0.879 p90=0.983
Iter 0002120: train nll 1.346, valid error 041.720%, best valid error 046.410%, avg grad norm  18.904, avg grad norm (post clip)   0.526, rho_Whh  1.05, Omega  0.00, alpha  1.000, steps in the past 0.000, valid nll 1.341
  [diag] log10|dL/dh_t| hist bins=60 range=(-12.50,-11.50) mean=-12.00 p50=-12.00 p05=-12.00 p95=-12.00
  [diag] sat-dist hist bins=60 sat<0.05=0.0% mean=0.938 p10=0.881 p90=0.983
Iter 0002140: train nll 1.335, valid error 046.500%, best valid error 041.720%, avg grad norm  18.523, avg grad norm (post clip)   0.526, rho_Whh  1.05, Omega  0.00, alpha  1.000, steps in the past 0.000, valid nll 1.335
  [diag] log10|dL/dh_t| hist bins=60 range=(-12.50,-11.50) mean=-12.00 p50=-12.00 p05=-12.00 p95=-12.00
  [diag] sat-dist hist bins=60 sat<0.05=0.0% mean=0.932 p10=0.864 p90=0.983
Iter 0002160: train nll 1.324, valid error 041.200%, best valid error 041.720%, avg grad norm  18.936, avg grad norm (post clip)   0.526, rho_Whh  1.05, Omega  0.00, alpha  1.000, steps in the past 0.000, valid nll 1.322
  [diag] log10|dL/dh_t| hist bins=60 range=(-12.50,-11.50) mean=-12.00 p50=-12.00 p05=-12.00 p95=-12.00
  [diag] sat-dist hist bins=60 sat<0.05=0.0% mean=0.922 p10=0.839 p90=0.983
Iter 0002180: train nll 1.323, valid error 044.140%, best valid error 041.200%, avg grad norm  21.491, avg grad norm (post clip)   0.526, rho_Whh  1.06, Omega  0.00, alpha  1.000, steps in the past 0.000, valid nll 1.325
  [diag] log10|dL/dh_t| hist bins=60 range=(-12.50,-11.50) mean=-12.00 p50=-12.00 p05=-12.00 p95=-12.00
  [diag] sat-dist hist bins=60 sat<0.05=0.0% mean=0.922 p10=0.851 p90=0.983
Iter 0002200: train nll 1.312, valid error 051.200%, best valid error 041.200%, avg grad norm  19.724, avg grad norm (post clip)   0.526, rho_Whh  1.06, Omega  0.00, alpha  1.000, steps in the past 0.000, valid nll 1.317
  [diag] log10|dL/dh_t| hist bins=60 range=(-12.50,-11.50) mean=-12.00 p50=-12.00 p05=-12.00 p95=-12.00
  [diag] sat-dist hist bins=60 sat<0.05=0.0% mean=0.915 p10=0.828 p90=0.983
Iter 0002220: train nll 1.307, valid error 043.930%, best valid error 041.200%, avg grad norm  22.374, avg grad norm (post clip)   0.526, rho_Whh  1.06, Omega  0.00, alpha  1.000, steps in the past 0.000, valid nll 1.303
  [diag] log10|dL/dh_t| hist bins=60 range=(-12.50,-11.50) mean=-12.00 p50=-12.00 p05=-12.00 p95=-12.00
  [diag] sat-dist hist bins=60 sat<0.05=0.0% mean=0.904 p10=0.816 p90=0.982
Iter 0002240: train nll 1.304, valid error 052.090%, best valid error 041.200%, avg grad norm  24.036, avg grad norm (post clip)   0.526, rho_Whh  1.06, Omega  0.00, alpha  1.000, steps in the past 0.000, valid nll 1.299
  [diag] log10|dL/dh_t| hist bins=60 range=(-12.50,-11.50) mean=-12.00 p50=-12.00 p05=-12.00 p95=-12.00
  [diag] sat-dist hist bins=60 sat<0.05=0.0% mean=0.908 p10=0.821 p90=0.982
Iter 0002260: train nll 1.290, valid error 051.510%, best valid error 041.200%, avg grad norm  20.842, avg grad norm (post clip)   0.526, rho_Whh  1.06, Omega  0.00, alpha  1.000, steps in the past 0.000, valid nll 1.289
  [diag] log10|dL/dh_t| hist bins=60 range=(-12.50,-11.50) mean=-12.00 p50=-12.00 p05=-12.00 p95=-12.00
  [diag] sat-dist hist bins=60 sat<0.05=0.0% mean=0.907 p10=0.819 p90=0.983
Iter 0002280: train nll 1.284, valid error 046.670%, best valid error 041.200%, avg grad norm  16.047, avg grad norm (post clip)   0.526, rho_Whh  1.07, Omega  0.00, alpha  1.000, steps in the past 0.000, valid nll 1.277
  [diag] log10|dL/dh_t| hist bins=60 range=(-12.50,-11.50) mean=-12.00 p50=-12.00 p05=-12.00 p95=-12.00
  [diag] sat-dist hist bins=60 sat<0.05=0.0% mean=0.896 p10=0.795 p90=0.983
Iter 0002300: train nll 1.276, valid error 047.130%, best valid error 041.200%, avg grad norm  21.474, avg grad norm (post clip)   0.526, rho_Whh  1.07, Omega  0.00, alpha  1.000, steps in the past 0.000, valid nll 1.259
  [diag] log10|dL/dh_t| hist bins=60 range=(-12.50,-11.50) mean=-12.00 p50=-12.00 p05=-12.00 p95=-12.00
  [diag] sat-dist hist bins=60 sat<0.05=0.0% mean=0.892 p10=0.794 p90=0.982
Iter 0002320: train nll 1.267, valid error 047.420%, best valid error 041.200%, avg grad norm  18.158, avg grad norm (post clip)   0.526, rho_Whh  1.07, Omega  0.00, alpha  1.000, steps in the past 0.000, valid nll 1.258
  [diag] log10|dL/dh_t| hist bins=60 range=(-12.50,-11.50) mean=-12.00 p50=-12.00 p05=-12.00 p95=-12.00
  [diag] sat-dist hist bins=60 sat<0.05=0.0% mean=0.884 p10=0.789 p90=0.983
Iter 0002340: train nll 1.258, valid error 049.340%, best valid error 041.200%, avg grad norm  20.395, avg grad norm (post clip)   0.526, rho_Whh  1.07, Omega  0.00, alpha  1.000, steps in the past 0.000, valid nll 1.269
  [diag] log10|dL/dh_t| hist bins=60 range=(-12.50,-11.50) mean=-12.00 p50=-12.00 p05=-12.00 p95=-12.00
  [diag] sat-dist hist bins=60 sat<0.05=0.0% mean=0.879 p10=0.785 p90=0.983
Iter 0002360: train nll 1.252, valid error 048.340%, best valid error 041.200%, avg grad norm  20.384, avg grad norm (post clip)   0.526, rho_Whh  1.07, Omega  0.00, alpha  1.000, steps in the past 0.000, valid nll 1.263
  [diag] log10|dL/dh_t| hist bins=60 range=(-12.50,-11.50) mean=-12.00 p50=-12.00 p05=-12.00 p95=-12.00
  [diag] sat-dist hist bins=60 sat<0.05=0.0% mean=0.884 p10=0.782 p90=0.982
Iter 0002380: train nll 1.242, valid error 049.230%, best valid error 041.200%, avg grad norm  24.670, avg grad norm (post clip)   0.526, rho_Whh  1.07, Omega  0.00, alpha  1.000, steps in the past 0.000, valid nll 1.240
  [diag] log10|dL/dh_t| hist bins=60 range=(-12.50,-11.50) mean=-12.00 p50=-12.00 p05=-12.00 p95=-12.00
  [diag] sat-dist hist bins=60 sat<0.05=0.0% mean=0.877 p10=0.767 p90=0.983
Iter 0002400: train nll 1.233, valid error 045.920%, best valid error 041.200%, avg grad norm  22.450, avg grad norm (post clip)   0.526, rho_Whh  1.08, Omega  0.00, alpha  1.000, steps in the past 0.000, valid nll 1.206
  [diag] log10|dL/dh_t| hist bins=60 range=(-12.50,-11.50) mean=-12.00 p50=-12.00 p05=-12.00 p95=-12.00
  [diag] sat-dist hist bins=60 sat<0.05=0.0% mean=0.874 p10=0.763 p90=0.983
Iter 0002420: train nll 1.220, valid error 047.500%, best valid error 041.200%, avg grad norm  22.052, avg grad norm (post clip)   0.526, rho_Whh  1.08, Omega  0.00, alpha  1.000, steps in the past 0.000, valid nll 1.208
  [diag] log10|dL/dh_t| hist bins=60 range=(-12.50,-11.50) mean=-12.00 p50=-12.00 p05=-12.00 p95=-12.00
  [diag] sat-dist hist bins=60 sat<0.05=0.0% mean=0.874 p10=0.772 p90=0.981
Iter 0002440: train nll 1.215, valid error 052.810%, best valid error 041.200%, avg grad norm  23.912, avg grad norm (post clip)   0.526, rho_Whh  1.08, Omega  0.00, alpha  1.000, steps in the past 0.000, valid nll 1.233
  [diag] log10|dL/dh_t| hist bins=60 range=(-12.50,-11.50) mean=-12.00 p50=-12.00 p05=-12.00 p95=-12.00
  [diag] sat-dist hist bins=60 sat<0.05=0.0% mean=0.872 p10=0.767 p90=0.981
Iter 0002460: train nll 1.213, valid error 058.170%, best valid error 041.200%, avg grad norm  23.915, avg grad norm (post clip)   0.526, rho_Whh  1.08, Omega  0.00, alpha  1.000, steps in the past 0.000, valid nll 1.240
  [diag] log10|dL/dh_t| hist bins=60 range=(-12.50,-11.50) mean=-12.00 p50=-12.00 p05=-12.00 p95=-12.00
  [diag] sat-dist hist bins=60 sat<0.05=0.0% mean=0.870 p10=0.754 p90=0.983
Iter 0002480: train nll 1.211, valid error 044.440%, best valid error 041.200%, avg grad norm  25.703, avg grad norm (post clip)   0.526, rho_Whh  1.08, Omega  0.00, alpha  1.000, steps in the past 0.000, valid nll 1.177
  [diag] log10|dL/dh_t| hist bins=60 range=(-12.50,-11.50) mean=-12.00 p50=-12.00 p05=-12.00 p95=-12.00
  [diag] sat-dist hist bins=60 sat<0.05=0.0% mean=0.867 p10=0.758 p90=0.983
Iter 0002500: train nll 1.197, valid error 048.380%, best valid error 041.200%, avg grad norm  23.413, avg grad norm (post clip)   0.526, rho_Whh  1.08, Omega  0.00, alpha  1.000, steps in the past 0.000, valid nll 1.189
  [diag] log10|dL/dh_t| hist bins=60 range=(-12.50,-11.50) mean=-12.00 p50=-12.00 p05=-12.00 p95=-12.00
  [diag] sat-dist hist bins=60 sat<0.05=0.0% mean=0.857 p10=0.764 p90=0.982
Iter 0002520: train nll 1.188, valid error 050.510%, best valid error 041.200%, avg grad norm  25.606, avg grad norm (post clip)   0.526, rho_Whh  1.08, Omega  0.00, alpha  1.000, steps in the past 0.000, valid nll 1.206
  [diag] log10|dL/dh_t| hist bins=60 range=(-12.50,-11.50) mean=-12.00 p50=-12.00 p05=-12.00 p95=-12.00
  [diag] sat-dist hist bins=60 sat<0.05=0.0% mean=0.860 p10=0.739 p90=0.983
Iter 0002540: train nll 1.183, valid error 047.700%, best valid error 041.200%, avg grad norm  25.621, avg grad norm (post clip)   0.526, rho_Whh  1.08, Omega  0.00, alpha  1.000, steps in the past 0.000, valid nll 1.155
  [diag] log10|dL/dh_t| hist bins=60 range=(-12.50,-11.50) mean=-12.00 p50=-12.00 p05=-12.00 p95=-12.00
  [diag] sat-dist hist bins=60 sat<0.05=0.0% mean=0.857 p10=0.743 p90=0.982
Iter 0002560: train nll 1.175, valid error 048.260%, best valid error 041.200%, avg grad norm  26.054, avg grad norm (post clip)   0.526, rho_Whh  1.09, Omega  0.00, alpha  1.000, steps in the past 0.000, valid nll 1.168
  [diag] log10|dL/dh_t| hist bins=60 range=(-12.50,-11.50) mean=-12.00 p50=-12.00 p05=-12.00 p95=-12.00
  [diag] sat-dist hist bins=60 sat<0.05=0.0% mean=0.857 p10=0.736 p90=0.983
Iter 0002580: train nll 1.168, valid error 047.830%, best valid error 041.200%, avg grad norm  27.502, avg grad norm (post clip)   0.526, rho_Whh  1.09, Omega  0.00, alpha  1.000, steps in the past 0.000, valid nll 1.149
  [diag] log10|dL/dh_t| hist bins=60 range=(-12.50,-11.50) mean=-12.00 p50=-12.00 p05=-12.00 p95=-12.00
  [diag] sat-dist hist bins=60 sat<0.05=0.0% mean=0.856 p10=0.734 p90=0.983
Iter 0002600: train nll 1.163, valid error 047.880%, best valid error 041.200%, avg grad norm  24.757, avg grad norm (post clip)   0.526, rho_Whh  1.09, Omega  0.00, alpha  1.000, steps in the past 0.000, valid nll 1.144
  [diag] log10|dL/dh_t| hist bins=60 range=(-12.50,-11.50) mean=-12.00 p50=-12.00 p05=-12.00 p95=-12.00
  [diag] sat-dist hist bins=60 sat<0.05=0.0% mean=0.855 p10=0.747 p90=0.981
Iter 0002620: train nll 1.165, valid error 051.590%, best valid error 041.200%, avg grad norm  28.519, avg grad norm (post clip)   0.526, rho_Whh  1.09, Omega  0.00, alpha  1.000, steps in the past 0.000, valid nll 1.180
  [diag] log10|dL/dh_t| hist bins=60 range=(-12.50,-11.50) mean=-12.00 p50=-12.00 p05=-12.00 p95=-12.00
  [diag] sat-dist hist bins=60 sat<0.05=0.0% mean=0.853 p10=0.738 p90=0.983
Iter 0002640: train nll 1.150, valid error 043.950%, best valid error 041.200%, avg grad norm  25.921, avg grad norm (post clip)   0.526, rho_Whh  1.09, Omega  0.00, alpha  1.000, steps in the past 0.000, valid nll 1.130
  [diag] log10|dL/dh_t| hist bins=60 range=(-12.50,-11.50) mean=-12.00 p50=-12.00 p05=-12.00 p95=-12.00
  [diag] sat-dist hist bins=60 sat<0.05=0.0% mean=0.851 p10=0.740 p90=0.983
Iter 0002660: train nll 1.144, valid error 043.080%, best valid error 041.200%, avg grad norm  26.702, avg grad norm (post clip)   0.526, rho_Whh  1.09, Omega  0.00, alpha  1.000, steps in the past 0.000, valid nll 1.138
  [diag] log10|dL/dh_t| hist bins=60 range=(-12.50,-11.50) mean=-12.00 p50=-12.00 p05=-12.00 p95=-12.00
  [diag] sat-dist hist bins=60 sat<0.05=0.0% mean=0.851 p10=0.731 p90=0.983
Iter 0002680: train nll 1.138, valid error 044.430%, best valid error 041.200%, avg grad norm  27.612, avg grad norm (post clip)   0.526, rho_Whh  1.09, Omega  0.00, alpha  1.000, steps in the past 0.000, valid nll 1.120
  [diag] log10|dL/dh_t| hist bins=60 range=(-12.50,-11.50) mean=-12.00 p50=-12.00 p05=-12.00 p95=-12.00
  [diag] sat-dist hist bins=60 sat<0.05=0.0% mean=0.846 p10=0.740 p90=0.983
Iter 0002700: train nll 1.134, valid error 047.940%, best valid error 041.200%, avg grad norm  25.659, avg grad norm (post clip)   0.526, rho_Whh  1.09, Omega  0.00, alpha  1.000, steps in the past 0.000, valid nll 1.129
  [diag] log10|dL/dh_t| hist bins=60 range=(-12.50,-11.50) mean=-12.00 p50=-12.00 p05=-12.00 p95=-12.00
  [diag] sat-dist hist bins=60 sat<0.05=0.0% mean=0.847 p10=0.735 p90=0.983
Iter 0002720: train nll 1.140, valid error 043.830%, best valid error 041.200%, avg grad norm  29.015, avg grad norm (post clip)   0.526, rho_Whh  1.09, Omega  0.00, alpha  1.000, steps in the past 0.000, valid nll 1.116
  [diag] log10|dL/dh_t| hist bins=60 range=(-12.50,-11.50) mean=-12.00 p50=-12.00 p05=-12.00 p95=-12.00
  [diag] sat-dist hist bins=60 sat<0.05=0.0% mean=0.845 p10=0.740 p90=0.983
Iter 0002740: train nll 1.126, valid error 045.040%, best valid error 041.200%, avg grad norm  30.832, avg grad norm (post clip)   0.526, rho_Whh  1.09, Omega  0.00, alpha  1.000, steps in the past 0.000, valid nll 1.132
  [diag] log10|dL/dh_t| hist bins=60 range=(-12.50,-11.50) mean=-12.00 p50=-12.00 p05=-12.00 p95=-12.00
  [diag] sat-dist hist bins=60 sat<0.05=0.0% mean=0.846 p10=0.728 p90=0.983
Iter 0002760: train nll 1.122, valid error 044.810%, best valid error 041.200%, avg grad norm  30.918, avg grad norm (post clip)   0.526, rho_Whh  1.09, Omega  0.00, alpha  1.000, steps in the past 0.000, valid nll 1.104
  [diag] log10|dL/dh_t| hist bins=60 range=(-12.50,-11.50) mean=-12.00 p50=-12.00 p05=-12.00 p95=-12.00
  [diag] sat-dist hist bins=60 sat<0.05=0.0% mean=0.842 p10=0.733 p90=0.983
Iter 0002780: train nll 1.112, valid error 044.050%, best valid error 041.200%, avg grad norm  25.986, avg grad norm (post clip)   0.526, rho_Whh  1.09, Omega  0.00, alpha  1.000, steps in the past 0.000, valid nll 1.109
  [diag] log10|dL/dh_t| hist bins=60 range=(-12.50,-11.50) mean=-12.00 p50=-12.00 p05=-12.00 p95=-12.00
  [diag] sat-dist hist bins=60 sat<0.05=0.0% mean=0.839 p10=0.732 p90=0.983
Iter 0002800: train nll 1.107, valid error 042.390%, best valid error 041.200%, avg grad norm  25.811, avg grad norm (post clip)   0.526, rho_Whh  1.09, Omega  0.00, alpha  1.000, steps in the past 0.000, valid nll 1.095
  [diag] log10|dL/dh_t| hist bins=60 range=(-12.50,-11.50) mean=-12.00 p50=-12.00 p05=-12.00 p95=-12.00
  [diag] sat-dist hist bins=60 sat<0.05=0.0% mean=0.836 p10=0.737 p90=0.982
Iter 0002820: train nll 1.098, valid error 048.230%, best valid error 041.200%, avg grad norm  27.632, avg grad norm (post clip)   0.526, rho_Whh  1.09, Omega  0.00, alpha  1.000, steps in the past 0.000, valid nll 1.108
  [diag] log10|dL/dh_t| hist bins=60 range=(-12.50,-11.50) mean=-12.00 p50=-12.00 p05=-12.00 p95=-12.00
  [diag] sat-dist hist bins=60 sat<0.05=0.0% mean=0.837 p10=0.727 p90=0.983
Iter 0002840: train nll 1.103, valid error 047.120%, best valid error 041.200%, avg grad norm  28.401, avg grad norm (post clip)   0.526, rho_Whh  1.09, Omega  0.00, alpha  1.000, steps in the past 0.000, valid nll 1.089
  [diag] log10|dL/dh_t| hist bins=60 range=(-12.50,-11.50) mean=-12.00 p50=-12.00 p05=-12.00 p95=-12.00
  [diag] sat-dist hist bins=60 sat<0.05=0.0% mean=0.834 p10=0.708 p90=0.982
Iter 0002860: train nll 1.092, valid error 048.270%, best valid error 041.200%, avg grad norm  29.311, avg grad norm (post clip)   0.526, rho_Whh  1.10, Omega  0.00, alpha  1.000, steps in the past 0.000, valid nll 1.072
  [diag] log10|dL/dh_t| hist bins=60 range=(-12.50,-11.50) mean=-12.00 p50=-12.00 p05=-12.00 p95=-12.00
  [diag] sat-dist hist bins=60 sat<0.05=0.0% mean=0.827 p10=0.737 p90=0.981
Iter 0002880: train nll 1.084, valid error 052.320%, best valid error 041.200%, avg grad norm  30.557, avg grad norm (post clip)   0.526, rho_Whh  1.10, Omega  0.00, alpha  1.000, steps in the past 0.000, valid nll 1.124
  [diag] log10|dL/dh_t| hist bins=60 range=(-12.50,-11.50) mean=-12.00 p50=-12.00 p05=-12.00 p95=-12.00
  [diag] sat-dist hist bins=60 sat<0.05=0.0% mean=0.828 p10=0.727 p90=0.982
Iter 0002900: train nll 1.080, valid error 048.520%, best valid error 041.200%, avg grad norm  29.403, avg grad norm (post clip)   0.526, rho_Whh  1.10, Omega  0.00, alpha  1.000, steps in the past 0.000, valid nll 1.091
  [diag] log10|dL/dh_t| hist bins=60 range=(-12.50,-11.50) mean=-12.00 p50=-12.00 p05=-12.00 p95=-12.00
  [diag] sat-dist hist bins=60 sat<0.05=0.0% mean=0.827 p10=0.721 p90=0.983
Iter 0002920: train nll 1.071, valid error 043.860%, best valid error 041.200%, avg grad norm  28.972, avg grad norm (post clip)   0.526, rho_Whh  1.10, Omega  0.00, alpha  1.000, steps in the past 0.000, valid nll 1.079
  [diag] log10|dL/dh_t| hist bins=60 range=(-12.50,-11.50) mean=-12.00 p50=-12.00 p05=-12.00 p95=-12.00
  [diag] sat-dist hist bins=60 sat<0.05=0.0% mean=0.828 p10=0.711 p90=0.983
Iter 0002940: train nll 1.075, valid error 046.880%, best valid error 041.200%, avg grad norm  33.663, avg grad norm (post clip)   0.526, rho_Whh  1.10, Omega  0.00, alpha  1.000, steps in the past 0.000, valid nll 1.056
  [diag] log10|dL/dh_t| hist bins=60 range=(-12.50,-11.50) mean=-12.00 p50=-12.00 p05=-12.00 p95=-12.00
  [diag] sat-dist hist bins=60 sat<0.05=0.0% mean=0.827 p10=0.708 p90=0.983
Iter 0002960: train nll 1.066, valid error 045.990%, best valid error 041.200%, avg grad norm  29.143, avg grad norm (post clip)   0.526, rho_Whh  1.10, Omega  0.00, alpha  1.000, steps in the past 0.000, valid nll 1.051
  [diag] log10|dL/dh_t| hist bins=60 range=(-12.50,-11.50) mean=-12.00 p50=-12.00 p05=-12.00 p95=-12.00
  [diag] sat-dist hist bins=60 sat<0.05=0.0% mean=0.827 p10=0.702 p90=0.983
Iter 0002980: train nll 1.060, valid error 044.810%, best valid error 041.200%, avg grad norm  28.915, avg grad norm (post clip)   0.526, rho_Whh  1.10, Omega  0.00, alpha  1.000, steps in the past 0.000, valid nll 1.038
  [diag] log10|dL/dh_t| hist bins=60 range=(-12.50,-11.50) mean=-12.00 p50=-12.00 p05=-12.00 p95=-12.00
  [diag] sat-dist hist bins=60 sat<0.05=0.0% mean=0.824 p10=0.693 p90=0.983
Iter 0003000: train nll 1.052, valid error 046.420%, best valid error 041.200%, avg grad norm  30.326, avg grad norm (post clip)   0.526, rho_Whh  1.10, Omega  0.00, alpha  1.000, steps in the past 0.000, valid nll 1.019
  [diag] log10|dL/dh_t| hist bins=60 range=(-12.50,-11.50) mean=-12.00 p50=-12.00 p05=-12.00 p95=-12.00
  [diag] sat-dist hist bins=60 sat<0.05=0.0% mean=0.822 p10=0.691 p90=0.982
Iter 0003020: train nll 1.056, valid error 047.770%, best valid error 041.200%, avg grad norm  30.872, avg grad norm (post clip)   0.526, rho_Whh  1.10, Omega  0.00, alpha  1.000, steps in the past 0.000, valid nll 1.027
  [diag] log10|dL/dh_t| hist bins=60 range=(-12.50,-11.50) mean=-12.00 p50=-12.00 p05=-12.00 p95=-12.00
  [diag] sat-dist hist bins=60 sat<0.05=0.0% mean=0.821 p10=0.689 p90=0.983
Iter 0003040: train nll 1.056, valid error 045.770%, best valid error 041.200%, avg grad norm  34.292, avg grad norm (post clip)   0.526, rho_Whh  1.11, Omega  0.00, alpha  1.000, steps in the past 0.000, valid nll 1.006
  [diag] log10|dL/dh_t| hist bins=60 range=(-12.50,-11.50) mean=-12.00 p50=-12.00 p05=-12.00 p95=-12.00
  [diag] sat-dist hist bins=60 sat<0.05=0.0% mean=0.819 p10=0.689 p90=0.982
Iter 0003060: train nll 1.046, valid error 048.960%, best valid error 041.200%, avg grad norm  33.953, avg grad norm (post clip)   0.526, rho_Whh  1.11, Omega  0.00, alpha  1.000, steps in the past 0.000, valid nll 1.033
  [diag] log10|dL/dh_t| hist bins=60 range=(-12.50,-11.50) mean=-12.00 p50=-12.00 p05=-12.00 p95=-12.00
  [diag] sat-dist hist bins=60 sat<0.05=0.0% mean=0.814 p10=0.703 p90=0.980
Iter 0003080: train nll 1.035, valid error 050.070%, best valid error 041.200%, avg grad norm  31.099, avg grad norm (post clip)   0.526, rho_Whh  1.11, Omega  0.00, alpha  1.000, steps in the past 0.000, valid nll 1.062
  [diag] log10|dL/dh_t| hist bins=60 range=(-12.50,-11.50) mean=-12.00 p50=-12.00 p05=-12.00 p95=-12.00
  [diag] sat-dist hist bins=60 sat<0.05=0.0% mean=0.815 p10=0.699 p90=0.983
Iter 0003100: train nll 1.034, valid error 048.790%, best valid error 041.200%, avg grad norm  31.109, avg grad norm (post clip)   0.526, rho_Whh  1.11, Omega  0.00, alpha  1.000, steps in the past 0.000, valid nll 1.021
  [diag] log10|dL/dh_t| hist bins=60 range=(-12.50,-11.50) mean=-12.00 p50=-12.00 p05=-12.00 p95=-12.00
  [diag] sat-dist hist bins=60 sat<0.05=0.0% mean=0.814 p10=0.703 p90=0.983
Iter 0003120: train nll 1.030, valid error 045.430%, best valid error 041.200%, avg grad norm  29.813, avg grad norm (post clip)   0.526, rho_Whh  1.11, Omega  0.00, alpha  1.000, steps in the past 0.000, valid nll 1.020
  [diag] log10|dL/dh_t| hist bins=60 range=(-12.50,-11.50) mean=-12.00 p50=-12.00 p05=-12.00 p95=-12.00
  [diag] sat-dist hist bins=60 sat<0.05=0.0% mean=0.816 p10=0.694 p90=0.983
Iter 0003140: train nll 1.023, valid error 049.570%, best valid error 041.200%, avg grad norm  24.577, avg grad norm (post clip)   0.526, rho_Whh  1.11, Omega  0.00, alpha  1.000, steps in the past 0.000, valid nll 1.029
  [diag] log10|dL/dh_t| hist bins=60 range=(-12.50,-11.50) mean=-12.00 p50=-12.00 p05=-12.00 p95=-12.00
  [diag] sat-dist hist bins=60 sat<0.05=0.0% mean=0.808 p10=0.706 p90=0.982
Iter 0003160: train nll 1.014, valid error 048.440%, best valid error 041.200%, avg grad norm  35.364, avg grad norm (post clip)   0.526, rho_Whh  1.11, Omega  0.00, alpha  1.000, steps in the past 0.000, valid nll 1.027
  [diag] log10|dL/dh_t| hist bins=60 range=(-12.50,-11.50) mean=-12.00 p50=-12.00 p05=-12.00 p95=-12.00
  [diag] sat-dist hist bins=60 sat<0.05=0.0% mean=0.810 p10=0.684 p90=0.983
Iter 0003180: train nll 1.017, valid error 044.560%, best valid error 041.200%, avg grad norm  31.562, avg grad norm (post clip)   0.526, rho_Whh  1.11, Omega  0.00, alpha  1.000, steps in the past 0.000, valid nll 0.981
  [diag] log10|dL/dh_t| hist bins=60 range=(-12.50,-11.50) mean=-12.00 p50=-12.00 p05=-12.00 p95=-12.00
  [diag] sat-dist hist bins=60 sat<0.05=0.0% mean=0.808 p10=0.679 p90=0.983
Iter 0003200: train nll 1.018, valid error 044.400%, best valid error 041.200%, avg grad norm  33.147, avg grad norm (post clip)   0.526, rho_Whh  1.11, Omega  0.00, alpha  1.000, steps in the past 0.000, valid nll 0.971
  [diag] log10|dL/dh_t| hist bins=60 range=(-12.50,-11.50) mean=-12.00 p50=-12.00 p05=-12.00 p95=-12.00
  [diag] sat-dist hist bins=60 sat<0.05=0.0% mean=0.804 p10=0.700 p90=0.982
Iter 0003220: train nll 1.017, valid error 049.530%, best valid error 041.200%, avg grad norm  32.651, avg grad norm (post clip)   0.526, rho_Whh  1.11, Omega  0.00, alpha  1.000, steps in the past 0.000, valid nll 1.023
  [diag] log10|dL/dh_t| hist bins=60 range=(-12.50,-11.50) mean=-12.00 p50=-12.00 p05=-12.00 p95=-12.00
  [diag] sat-dist hist bins=60 sat<0.05=0.0% mean=0.802 p10=0.700 p90=0.982
Iter 0003240: train nll 1.007, valid error 048.050%, best valid error 041.200%, avg grad norm  34.080, avg grad norm (post clip)   0.526, rho_Whh  1.11, Omega  0.00, alpha  1.000, steps in the past 0.000, valid nll 1.001
  [diag] log10|dL/dh_t| hist bins=60 range=(-12.50,-11.50) mean=-12.00 p50=-12.00 p05=-12.00 p95=-12.00
  [diag] sat-dist hist bins=60 sat<0.05=0.0% mean=0.801 p10=0.707 p90=0.982
Iter 0003260: train nll 1.004, valid error 053.580%, best valid error 041.200%, avg grad norm  35.505, avg grad norm (post clip)   0.526, rho_Whh  1.12, Omega  0.00, alpha  1.000, steps in the past 0.000, valid nll 1.057
  [diag] log10|dL/dh_t| hist bins=60 range=(-12.50,-11.50) mean=-12.00 p50=-12.00 p05=-12.00 p95=-12.00
  [diag] sat-dist hist bins=60 sat<0.05=0.0% mean=0.802 p10=0.692 p90=0.983
Iter 0003280: train nll 0.995, valid error 047.860%, best valid error 041.200%, avg grad norm  32.317, avg grad norm (post clip)   0.526, rho_Whh  1.12, Omega  0.00, alpha  1.000, steps in the past 0.000, valid nll 0.989
  [diag] log10|dL/dh_t| hist bins=60 range=(-12.50,-11.50) mean=-12.00 p50=-12.00 p05=-12.00 p95=-12.00
  [diag] sat-dist hist bins=60 sat<0.05=0.0% mean=0.802 p10=0.687 p90=0.983
Iter 0003300: train nll 0.992, valid error 043.390%, best valid error 041.200%, avg grad norm  28.645, avg grad norm (post clip)   0.526, rho_Whh  1.12, Omega  0.00, alpha  1.000, steps in the past 0.000, valid nll 0.983
  [diag] log10|dL/dh_t| hist bins=60 range=(-12.50,-11.50) mean=-12.00 p50=-12.00 p05=-12.00 p95=-12.00
  [diag] sat-dist hist bins=60 sat<0.05=0.0% mean=0.794 p10=0.702 p90=0.979
Iter 0003320: train nll 0.986, valid error 059.010%, best valid error 041.200%, avg grad norm  30.557, avg grad norm (post clip)   0.526, rho_Whh  1.12, Omega  0.00, alpha  1.000, steps in the past 0.000, valid nll 1.107
  [diag] log10|dL/dh_t| hist bins=60 range=(-12.50,-11.50) mean=-12.00 p50=-12.00 p05=-12.00 p95=-12.00
  [diag] sat-dist hist bins=60 sat<0.05=0.0% mean=0.796 p10=0.697 p90=0.981
Iter 0003340: train nll 0.982, valid error 048.360%, best valid error 041.200%, avg grad norm  31.679, avg grad norm (post clip)   0.526, rho_Whh  1.12, Omega  0.00, alpha  1.000, steps in the past 0.000, valid nll 0.996
  [diag] log10|dL/dh_t| hist bins=60 range=(-12.50,-11.50) mean=-12.00 p50=-12.00 p05=-12.00 p95=-12.00
  [diag] sat-dist hist bins=60 sat<0.05=0.0% mean=0.796 p10=0.693 p90=0.982
Iter 0003360: train nll 0.981, valid error 048.040%, best valid error 041.200%, avg grad norm  33.662, avg grad norm (post clip)   0.526, rho_Whh  1.12, Omega  0.00, alpha  1.000, steps in the past 0.000, valid nll 0.985
  [diag] log10|dL/dh_t| hist bins=60 range=(-12.50,-11.50) mean=-12.00 p50=-12.00 p05=-12.00 p95=-12.00
  [diag] sat-dist hist bins=60 sat<0.05=0.0% mean=0.798 p10=0.682 p90=0.983
Iter 0003380: train nll 0.981, valid error 047.530%, best valid error 041.200%, avg grad norm  31.967, avg grad norm (post clip)   0.526, rho_Whh  1.12, Omega  0.00, alpha  1.000, steps in the past 0.000, valid nll 0.968
  [diag] log10|dL/dh_t| hist bins=60 range=(-12.50,-11.50) mean=-12.00 p50=-12.00 p05=-12.00 p95=-12.00
  [diag] sat-dist hist bins=60 sat<0.05=0.0% mean=0.797 p10=0.681 p90=0.983
Iter 0003400: train nll 0.976, valid error 048.230%, best valid error 041.200%, avg grad norm  33.403, avg grad norm (post clip)   0.526, rho_Whh  1.12, Omega  0.00, alpha  1.000, steps in the past 0.000, valid nll 0.974
  [diag] log10|dL/dh_t| hist bins=60 range=(-12.50,-11.50) mean=-12.00 p50=-12.00 p05=-12.00 p95=-12.00
  [diag] sat-dist hist bins=60 sat<0.05=0.0% mean=0.792 p10=0.697 p90=0.981
Iter 0003420: train nll 0.972, valid error 052.180%, best valid error 041.200%, avg grad norm  32.529, avg grad norm (post clip)   0.526, rho_Whh  1.12, Omega  0.00, alpha  1.000, steps in the past 0.000, valid nll 1.056
  [diag] log10|dL/dh_t| hist bins=60 range=(-12.50,-11.50) mean=-12.00 p50=-12.00 p05=-12.00 p95=-12.00
  [diag] sat-dist hist bins=60 sat<0.05=0.0% mean=0.791 p10=0.690 p90=0.982
Iter 0003440: train nll 0.967, valid error 048.120%, best valid error 041.200%, avg grad norm  31.147, avg grad norm (post clip)   0.526, rho_Whh  1.12, Omega  0.00, alpha  1.000, steps in the past 0.000, valid nll 0.973
  [diag] log10|dL/dh_t| hist bins=60 range=(-12.50,-11.50) mean=-12.00 p50=-12.00 p05=-12.00 p95=-12.00
  [diag] sat-dist hist bins=60 sat<0.05=0.0% mean=0.796 p10=0.657 p90=0.983
Iter 0003460: train nll 0.966, valid error 045.350%, best valid error 041.200%, avg grad norm  33.556, avg grad norm (post clip)   0.526, rho_Whh  1.12, Omega  0.00, alpha  1.000, steps in the past 0.000, valid nll 0.916
  [diag] log10|dL/dh_t| hist bins=60 range=(-12.50,-11.50) mean=-12.00 p50=-12.00 p05=-12.00 p95=-12.00
  [diag] sat-dist hist bins=60 sat<0.05=0.0% mean=0.792 p10=0.665 p90=0.981
Iter 0003480: train nll 0.971, valid error 047.750%, best valid error 041.200%, avg grad norm  36.074, avg grad norm (post clip)   0.526, rho_Whh  1.12, Omega  0.00, alpha  1.000, steps in the past 0.000, valid nll 0.954
  [diag] log10|dL/dh_t| hist bins=60 range=(-12.50,-11.50) mean=-12.00 p50=-12.00 p05=-12.00 p95=-12.00
  [diag] sat-dist hist bins=60 sat<0.05=0.0% mean=0.792 p10=0.658 p90=0.982
Iter 0003500: train nll 0.972, valid error 047.960%, best valid error 041.200%, avg grad norm  35.411, avg grad norm (post clip)   0.526, rho_Whh  1.12, Omega  0.00, alpha  1.000, steps in the past 0.000, valid nll 0.947
  [diag] log10|dL/dh_t| hist bins=60 range=(-12.50,-11.50) mean=-12.00 p50=-12.00 p05=-12.00 p95=-12.00
  [diag] sat-dist hist bins=60 sat<0.05=0.0% mean=0.788 p10=0.676 p90=0.980
Iter 0003520: train nll 0.962, valid error 057.640%, best valid error 041.200%, avg grad norm  32.799, avg grad norm (post clip)   0.526, rho_Whh  1.12, Omega  0.00, alpha  1.000, steps in the past 0.000, valid nll 1.055
  [diag] log10|dL/dh_t| hist bins=60 range=(-12.50,-11.50) mean=-12.00 p50=-12.00 p05=-12.00 p95=-12.00
  [diag] sat-dist hist bins=60 sat<0.05=0.0% mean=0.789 p10=0.659 p90=0.981
Iter 0003540: train nll 0.951, valid error 050.000%, best valid error 041.200%, avg grad norm  33.403, avg grad norm (post clip)   0.526, rho_Whh  1.12, Omega  0.00, alpha  1.000, steps in the past 0.000, valid nll 0.970
  [diag] log10|dL/dh_t| hist bins=60 range=(-12.50,-11.50) mean=-12.00 p50=-12.00 p05=-12.00 p95=-12.00
  [diag] sat-dist hist bins=60 sat<0.05=0.0% mean=0.789 p10=0.666 p90=0.983
Iter 0003560: train nll 0.958, valid error 047.560%, best valid error 041.200%, avg grad norm  39.170, avg grad norm (post clip)   0.526, rho_Whh  1.12, Omega  0.00, alpha  1.000, steps in the past 0.000, valid nll 0.932
  [diag] log10|dL/dh_t| hist bins=60 range=(-12.50,-11.50) mean=-12.00 p50=-12.00 p05=-12.00 p95=-12.00
  [diag] sat-dist hist bins=60 sat<0.05=0.0% mean=0.788 p10=0.651 p90=0.982
Iter 0003580: train nll 0.945, valid error 047.420%, best valid error 041.200%, avg grad norm  30.255, avg grad norm (post clip)   0.526, rho_Whh  1.13, Omega  0.00, alpha  1.000, steps in the past 0.000, valid nll 0.915
  [diag] log10|dL/dh_t| hist bins=60 range=(-12.50,-11.50) mean=-12.00 p50=-12.00 p05=-12.00 p95=-12.00
  [diag] sat-dist hist bins=60 sat<0.05=0.0% mean=0.785 p10=0.670 p90=0.980
Iter 0003600: train nll 0.942, valid error 054.040%, best valid error 041.200%, avg grad norm  28.679, avg grad norm (post clip)   0.526, rho_Whh  1.13, Omega  0.00, alpha  1.000, steps in the past 0.000, valid nll 1.004
  [diag] log10|dL/dh_t| hist bins=60 range=(-12.50,-11.50) mean=-12.00 p50=-12.00 p05=-12.00 p95=-12.00
  [diag] sat-dist hist bins=60 sat<0.05=0.0% mean=0.787 p10=0.649 p90=0.983
Iter 0003620: train nll 0.951, valid error 043.360%, best valid error 041.200%, avg grad norm  38.355, avg grad norm (post clip)   0.526, rho_Whh  1.13, Omega  0.00, alpha  1.000, steps in the past 0.000, valid nll 0.903
  [diag] log10|dL/dh_t| hist bins=60 range=(-12.50,-11.50) mean=-12.00 p50=-12.00 p05=-12.00 p95=-12.00
  [diag] sat-dist hist bins=60 sat<0.05=0.0% mean=0.784 p10=0.663 p90=0.983
Iter 0003640: train nll 0.935, valid error 047.210%, best valid error 041.200%, avg grad norm  31.620, avg grad norm (post clip)   0.526, rho_Whh  1.13, Omega  0.00, alpha  1.000, steps in the past 0.000, valid nll 0.910
  [diag] log10|dL/dh_t| hist bins=60 range=(-12.50,-11.50) mean=-12.00 p50=-12.00 p05=-12.00 p95=-12.00
  [diag] sat-dist hist bins=60 sat<0.05=0.0% mean=0.781 p10=0.671 p90=0.978
Iter 0003660: train nll 0.940, valid error 058.940%, best valid error 041.200%, avg grad norm  35.251, avg grad norm (post clip)   0.526, rho_Whh  1.13, Omega  0.00, alpha  1.000, steps in the past 0.000, valid nll 1.056
  [diag] log10|dL/dh_t| hist bins=60 range=(-12.50,-11.50) mean=-12.00 p50=-12.00 p05=-12.00 p95=-12.00
  [diag] sat-dist hist bins=60 sat<0.05=0.0% mean=0.781 p10=0.654 p90=0.980
Iter 0003680: train nll 0.945, valid error 047.710%, best valid error 041.200%, avg grad norm  45.936, avg grad norm (post clip)   0.526, rho_Whh  1.13, Omega  0.00, alpha  1.000, steps in the past 0.000, valid nll 0.930
  [diag] log10|dL/dh_t| hist bins=60 range=(-12.50,-11.50) mean=-12.00 p50=-12.00 p05=-12.00 p95=-12.00
  [diag] sat-dist hist bins=60 sat<0.05=0.0% mean=0.782 p10=0.663 p90=0.983
Iter 0003700: train nll 0.930, valid error 049.360%, best valid error 041.200%, avg grad norm  33.183, avg grad norm (post clip)   0.526, rho_Whh  1.13, Omega  0.00, alpha  1.000, steps in the past 0.000, valid nll 0.924
  [diag] log10|dL/dh_t| hist bins=60 range=(-12.50,-11.50) mean=-12.00 p50=-12.00 p05=-12.00 p95=-12.00
  [diag] sat-dist hist bins=60 sat<0.05=0.0% mean=0.780 p10=0.660 p90=0.983
Iter 0003720: train nll 0.930, valid error 047.620%, best valid error 041.200%, avg grad norm  35.291, avg grad norm (post clip)   0.526, rho_Whh  1.13, Omega  0.00, alpha  1.000, steps in the past 0.000, valid nll 0.903
  [diag] log10|dL/dh_t| hist bins=60 range=(-12.50,-11.50) mean=-12.00 p50=-12.00 p05=-12.00 p95=-12.00
  [diag] sat-dist hist bins=60 sat<0.05=0.0% mean=0.782 p10=0.647 p90=0.983
Iter 0003740: train nll 0.932, valid error 042.680%, best valid error 041.200%, avg grad norm  33.488, avg grad norm (post clip)   0.526, rho_Whh  1.13, Omega  0.00, alpha  1.000, steps in the past 0.000, valid nll 0.889
  [diag] log10|dL/dh_t| hist bins=60 range=(-12.50,-11.50) mean=-12.00 p50=-12.00 p05=-12.00 p95=-12.00
  [diag] sat-dist hist bins=60 sat<0.05=0.0% mean=0.779 p10=0.654 p90=0.983
Iter 0003760: train nll 0.930, valid error 047.800%, best valid error 041.200%, avg grad norm  38.302, avg grad norm (post clip)   0.526, rho_Whh  1.13, Omega  0.00, alpha  1.000, steps in the past 0.000, valid nll 0.896
  [diag] log10|dL/dh_t| hist bins=60 range=(-12.50,-11.50) mean=-12.00 p50=-12.00 p05=-12.00 p95=-12.00
  [diag] sat-dist hist bins=60 sat<0.05=0.0% mean=0.777 p10=0.674 p90=0.982
Iter 0003780: train nll 0.911, valid error 050.750%, best valid error 041.200%, avg grad norm  27.696, avg grad norm (post clip)   0.526, rho_Whh  1.13, Omega  0.00, alpha  1.000, steps in the past 0.000, valid nll 0.952
  [diag] log10|dL/dh_t| hist bins=60 range=(-12.50,-11.50) mean=-12.00 p50=-12.00 p05=-12.00 p95=-12.00
  [diag] sat-dist hist bins=60 sat<0.05=0.0% mean=0.778 p10=0.645 p90=0.981
Iter 0003800: train nll 0.931, valid error 053.440%, best valid error 041.200%, avg grad norm  40.730, avg grad norm (post clip)   0.526, rho_Whh  1.13, Omega  0.00, alpha  1.000, steps in the past 0.000, valid nll 0.970
  [diag] log10|dL/dh_t| hist bins=60 range=(-12.50,-11.50) mean=-12.00 p50=-12.00 p05=-12.00 p95=-12.00
  [diag] sat-dist hist bins=60 sat<0.05=0.0% mean=0.772 p10=0.678 p90=0.980
Iter 0003820: train nll 0.927, valid error 049.760%, best valid error 041.200%, avg grad norm  42.786, avg grad norm (post clip)   0.526, rho_Whh  1.13, Omega  0.00, alpha  1.000, steps in the past 0.000, valid nll 0.946
  [diag] log10|dL/dh_t| hist bins=60 range=(-12.50,-11.50) mean=-12.00 p50=-12.00 p05=-12.00 p95=-12.00
  [diag] sat-dist hist bins=60 sat<0.05=0.0% mean=0.773 p10=0.662 p90=0.982
Iter 0003840: train nll 0.922, valid error 048.120%, best valid error 041.200%, avg grad norm  40.466, avg grad norm (post clip)   0.526, rho_Whh  1.13, Omega  0.00, alpha  1.000, steps in the past 0.000, valid nll 0.899
  [diag] log10|dL/dh_t| hist bins=60 range=(-12.50,-11.50) mean=-12.00 p50=-12.00 p05=-12.00 p95=-12.00
  [diag] sat-dist hist bins=60 sat<0.05=0.0% mean=0.775 p10=0.642 p90=0.981
Iter 0003860: train nll 0.916, valid error 049.230%, best valid error 041.200%, avg grad norm  38.428, avg grad norm (post clip)   0.526, rho_Whh  1.13, Omega  0.00, alpha  1.000, steps in the past 0.000, valid nll 0.913
  [diag] log10|dL/dh_t| hist bins=60 range=(-12.50,-11.50) mean=-12.00 p50=-12.00 p05=-12.00 p95=-12.00
  [diag] sat-dist hist bins=60 sat<0.05=0.0% mean=0.772 p10=0.659 p90=0.982
Iter 0003880: train nll 0.917, valid error 047.520%, best valid error 041.200%, avg grad norm  39.683, avg grad norm (post clip)   0.526, rho_Whh  1.13, Omega  0.00, alpha  1.000, steps in the past 0.000, valid nll 0.893
  [diag] log10|dL/dh_t| hist bins=60 range=(-12.50,-11.50) mean=-12.00 p50=-12.00 p05=-12.00 p95=-12.00
  [diag] sat-dist hist bins=60 sat<0.05=0.0% mean=0.771 p10=0.665 p90=0.982
Iter 0003900: train nll 0.920, valid error 046.700%, best valid error 041.200%, avg grad norm  40.626, avg grad norm (post clip)   0.526, rho_Whh  1.13, Omega  0.00, alpha  1.000, steps in the past 0.000, valid nll 1.032
  [diag] log10|dL/dh_t| hist bins=60 range=(-12.50,-11.50) mean=-12.00 p50=-12.00 p05=-12.00 p95=-12.00
  [diag] sat-dist hist bins=60 sat<0.05=0.0% mean=0.773 p10=0.630 p90=0.982
Iter 0003920: train nll 0.908, valid error 047.050%, best valid error 041.200%, avg grad norm  38.892, avg grad norm (post clip)   0.526, rho_Whh  1.13, Omega  0.00, alpha  1.000, steps in the past 0.000, valid nll 0.865
  [diag] log10|dL/dh_t| hist bins=60 range=(-12.50,-11.50) mean=-12.00 p50=-12.00 p05=-12.00 p95=-12.00
  [diag] sat-dist hist bins=60 sat<0.05=0.0% mean=0.772 p10=0.636 p90=0.981
Iter 0003940: train nll 0.894, valid error 047.070%, best valid error 041.200%, avg grad norm  32.624, avg grad norm (post clip)   0.526, rho_Whh  1.13, Omega  0.00, alpha  1.000, steps in the past 0.000, valid nll 0.878
  [diag] log10|dL/dh_t| hist bins=60 range=(-12.50,-11.50) mean=-12.00 p50=-12.00 p05=-12.00 p95=-12.00
  [diag] sat-dist hist bins=60 sat<0.05=0.0% mean=0.771 p10=0.638 p90=0.983
Iter 0003960: train nll 0.920, valid error 046.550%, best valid error 041.200%, avg grad norm  45.950, avg grad norm (post clip)   0.526, rho_Whh  1.14, Omega  0.00, alpha  1.000, steps in the past 0.000, valid nll 0.864
  [diag] log10|dL/dh_t| hist bins=60 range=(-12.50,-11.50) mean=-12.00 p50=-12.00 p05=-12.00 p95=-12.00
  [diag] sat-dist hist bins=60 sat<0.05=0.0% mean=0.769 p10=0.635 p90=0.981
Iter 0003980: train nll 0.907, valid error 047.390%, best valid error 041.200%, avg grad norm  43.461, avg grad norm (post clip)   0.526, rho_Whh  1.14, Omega  0.00, alpha  1.000, steps in the past 0.000, valid nll 0.887
Done. solved=0 steps=3999 best_valid_error=41.2000%
/usr/bin/python /home/sakshi/Downloads/PA2_code/PA2_final/code/train.py --task torder --model rnn --init smart_tanh --clipstyle rescale --cutoff 0.5 --alpha 1.0 --lr 0.01 --nhid 100 --bs 20 --min_length 100 --max_length 100 --maxiters 4000 --ebs 10000 --cbs 1000 --checkFreq 20 --seed 52 --valid_seed 12345 --collectDiags --diagBins 60 --satThresh 0.05 --device cuda --name /home/sakshi/Downloads/PA2_code/PA2_final/results/checkpoints/ECgp_short_03_clip0500_alpha1000_lr00100_nh100_fix100

